mode: atomic
github.com/claudioed/network-fulfillment/internal/application/usecases/receive_network_demand.go:53.2,54.1 2 0
github.com/claudioed/network-fulfillment/internal/application/usecases/receive_network_demand.go:60.2,60.78 2 0
github.com/claudioed/network-fulfillment/internal/application/usecases/receive_network_demand.go:61.3,62.1 1 0
github.com/claudioed/network-fulfillment/internal/application/usecases/receive_network_demand.go:62.9,62.28 1 0
github.com/claudioed/network-fulfillment/internal/application/usecases/receive_network_demand.go:63.3,64.1 1 0
github.com/claudioed/network-fulfillment/internal/application/usecases/receive_network_demand.go:66.2,67.1 2 0
github.com/claudioed/network-fulfillment/internal/application/usecases/receive_network_demand.go:72.2,72.27 2 0
github.com/claudioed/network-fulfillment/internal/application/usecases/receive_network_demand.go:73.3,73.59 1 0
github.com/claudioed/network-fulfillment/internal/application/usecases/receive_network_demand.go:74.4,75.1 1 0
github.com/claudioed/network-fulfillment/internal/application/usecases/receive_network_demand.go:76.3,76.51 1 0
github.com/claudioed/network-fulfillment/internal/application/usecases/receive_network_demand.go:79.2,80.16 2 0
github.com/claudioed/network-fulfillment/internal/application/usecases/receive_network_demand.go:81.3,82.1 1 0
github.com/claudioed/network-fulfillment/internal/application/usecases/receive_network_demand.go:84.2,89.16 2 0
github.com/claudioed/network-fulfillment/internal/application/usecases/receive_network_demand.go:90.3,91.1 1 0
github.com/claudioed/network-fulfillment/internal/application/usecases/receive_network_demand.go:93.2,93.22 1 0
github.com/claudioed/network-fulfillment/internal/application/usecases/receive_network_demand.go:94.3,95.1 1 0
github.com/claudioed/network-fulfillment/internal/application/usecases/receive_network_demand.go:96.2,96.39 1 0
github.com/claudioed/network-fulfillment/internal/application/usecases/receive_network_demand.go:102.2,103.33 2 0
github.com/claudioed/network-fulfillment/internal/application/usecases/receive_network_demand.go:104.3,105.17 2 0
github.com/claudioed/network-fulfillment/internal/application/usecases/receive_network_demand.go:106.4,107.1 1 0
github.com/claudioed/network-fulfillment/internal/application/usecases/receive_network_demand.go:108.3,109.17 2 0
github.com/claudioed/network-fulfillment/internal/application/usecases/receive_network_demand.go:110.4,111.1 1 0
github.com/claudioed/network-fulfillment/internal/application/usecases/receive_network_demand.go:112.3,112.30 1 0
github.com/claudioed/network-fulfillment/internal/application/usecases/receive_network_demand.go:114.2,114.19 1 0
github.com/claudioed/network-fulfillment/internal/application/usecases/receive_network_demand.go:122.2,123.16 2 0
github.com/claudioed/network-fulfillment/internal/application/usecases/receive_network_demand.go:124.3,125.1 1 0
github.com/claudioed/network-fulfillment/internal/application/usecases/receive_network_demand.go:126.2,126.31 1 0
github.com/claudioed/network-fulfillment/internal/application/usecases/receive_network_demand.go:138.2,138.18 1 0
github.com/claudioed/network-fulfillment/internal/application/usecases/receive_network_demand.go:139.3,139.65 1 0
github.com/claudioed/network-fulfillment/internal/application/usecases/receive_network_demand.go:140.4,141.1 1 0
github.com/claudioed/network-fulfillment/internal/application/usecases/receive_network_demand.go:143.2,143.35 1 0
github.com/claudioed/network-fulfillment/internal/application/usecases/receive_network_demand.go:144.3,145.1 1 0
github.com/claudioed/network-fulfillment/internal/application/usecases/receive_network_demand.go:146.2,146.47 1 0
github.com/claudioed/network-fulfillment/internal/application/usecases/receive_network_demand.go:147.3,148.1 1 0
github.com/claudioed/network-fulfillment/internal/application/usecases/receive_network_demand.go:149.2,149.85 1 0
github.com/claudioed/network-fulfillment/internal/application/usecases/receive_network_demand.go:150.3,151.1 1 0
github.com/claudioed/network-fulfillment/internal/application/usecases/receive_network_demand.go:152.2,152.15 1 0
github.com/claudioed/network-fulfillment/internal/application/usecases/receive_network_demand.go:165.2,165.40 1 0
github.com/claudioed/network-fulfillment/internal/application/usecases/receive_network_demand.go:166.3,167.1 1 0
github.com/claudioed/network-fulfillment/internal/application/usecases/receive_network_demand.go:168.2,168.62 1 0
github.com/claudioed/network-fulfillment/internal/application/usecases/receive_network_demand.go:169.3,170.1 1 0
github.com/claudioed/network-fulfillment/internal/application/usecases/receive_network_demand.go:171.2,171.47 1 0
github.com/claudioed/network-fulfillment/internal/application/usecases/receive_network_demand.go:172.3,173.1 1 0
github.com/claudioed/network-fulfillment/internal/application/usecases/receive_network_demand.go:174.2,174.84 1 0
github.com/claudioed/network-fulfillment/internal/application/usecases/receive_network_demand.go:175.3,176.1 1 0
github.com/claudioed/network-fulfillment/internal/application/usecases/receive_network_demand.go:177.2,177.78 1 0
github.com/claudioed/network-fulfillment/internal/application/usecases/receive_network_demand.go:178.3,179.1 1 0
github.com/claudioed/network-fulfillment/internal/application/usecases/receive_network_demand.go:180.2,180.15 1 0
github.com/claudioed/network-fulfillment/internal/application/usecases/sweep_acknowledgement_deadlines.go:42.2,43.1 3 0
github.com/claudioed/network-fulfillment/internal/application/usecases/sweep_acknowledgement_deadlines.go:44.2,45.16 3 0
github.com/claudioed/network-fulfillment/internal/application/usecases/sweep_acknowledgement_deadlines.go:46.3,47.1 1 0
github.com/claudioed/network-fulfillment/internal/application/usecases/sweep_acknowledgement_deadlines.go:49.2,50.31 2 0
github.com/claudioed/network-fulfillment/internal/application/usecases/sweep_acknowledgement_deadlines.go:51.3,51.37 1 0
github.com/claudioed/network-fulfillment/internal/application/usecases/sweep_acknowledgement_deadlines.go:52.4,52.12 1 0
github.com/claudioed/network-fulfillment/internal/application/usecases/sweep_acknowledgement_deadlines.go:54.3,54.44 1 0
github.com/claudioed/network-fulfillment/internal/application/usecases/sweep_acknowledgement_deadlines.go:60.4,60.12 1 0
github.com/claudioed/network-fulfillment/internal/application/usecases/sweep_acknowledgement_deadlines.go:62.3,62.15 1 0
github.com/claudioed/network-fulfillment/internal/application/usecases/sweep_acknowledgement_deadlines.go:64.2,64.17 1 0
github.com/claudioed/network-fulfillment/internal/application/usecases/sweep_acknowledgement_deadlines.go:71.2,71.45 1 0
github.com/claudioed/network-fulfillment/internal/application/usecases/sweep_acknowledgement_deadlines.go:72.3,72.65 1 0
github.com/claudioed/network-fulfillment/internal/application/usecases/sweep_acknowledgement_deadlines.go:73.4,74.1 1 0
github.com/claudioed/network-fulfillment/internal/application/usecases/sweep_acknowledgement_deadlines.go:76.2,76.35 1 0
github.com/claudioed/network-fulfillment/internal/application/usecases/sweep_acknowledgement_deadlines.go:77.3,78.1 1 0
github.com/claudioed/network-fulfillment/internal/application/usecases/sweep_acknowledgement_deadlines.go:79.2,79.31 1 0
github.com/claudioed/network-fulfillment/internal/domain/networkorder/network_order.go:76.2,76.15 1 0
github.com/claudioed/network-fulfillment/internal/domain/networkorder/network_order.go:77.3,78.1 1 0
github.com/claudioed/network-fulfillment/internal/domain/networkorder/network_order.go:79.2,79.21 1 0
github.com/claudioed/network-fulfillment/internal/domain/networkorder/network_order.go:80.3,81.1 1 0
github.com/claudioed/network-fulfillment/internal/domain/networkorder/network_order.go:82.2,82.15 1 0
github.com/claudioed/network-fulfillment/internal/domain/networkorder/network_order.go:83.3,84.1 1 0
github.com/claudioed/network-fulfillment/internal/domain/networkorder/network_order.go:85.2,85.19 1 0
github.com/claudioed/network-fulfillment/internal/domain/networkorder/network_order.go:86.3,87.1 1 0
github.com/claudioed/network-fulfillment/internal/domain/networkorder/network_order.go:88.2,88.98 1 0
github.com/claudioed/network-fulfillment/internal/domain/networkorder/network_order.go:91.60,91.85 1 0
github.com/claudioed/network-fulfillment/internal/domain/networkorder/network_order.go:92.60,92.87 1 0
github.com/claudioed/network-fulfillment/internal/domain/networkorder/network_order.go:93.60,93.74 1 0
github.com/claudioed/network-fulfillment/internal/domain/networkorder/network_order.go:94.60,94.79 1 0
github.com/claudioed/network-fulfillment/internal/domain/networkorder/network_order.go:136.2,136.15 1 0
github.com/claudioed/network-fulfillment/internal/domain/networkorder/network_order.go:137.3,138.1 1 0
github.com/claudioed/network-fulfillment/internal/domain/networkorder/network_order.go:139.2,139.21 1 0
github.com/claudioed/network-fulfillment/internal/domain/networkorder/network_order.go:140.3,141.1 1 0
github.com/claudioed/network-fulfillment/internal/domain/networkorder/network_order.go:142.2,150.8 1 0
github.com/claudioed/network-fulfillment/internal/domain/networkorder/network_order.go:172.2,172.15 1 0
github.com/claudioed/network-fulfillment/internal/domain/networkorder/network_order.go:173.3,174.1 1 0
github.com/claudioed/network-fulfillment/internal/domain/networkorder/network_order.go:175.2,182.8 1 0
github.com/claudioed/network-fulfillment/internal/domain/networkorder/network_order.go:190.2,190.25 1 0
github.com/claudioed/network-fulfillment/internal/domain/networkorder/network_order.go:191.3,192.1 1 0
github.com/claudioed/network-fulfillment/internal/domain/networkorder/network_order.go:193.2,194.12 2 0
github.com/claudioed/network-fulfillment/internal/domain/networkorder/network_order.go:202.2,202.25 1 0
github.com/claudioed/network-fulfillment/internal/domain/networkorder/network_order.go:203.3,204.1 1 0
github.com/claudioed/network-fulfillment/internal/domain/networkorder/network_order.go:205.2,206.12 2 0
github.com/claudioed/network-fulfillment/internal/domain/networkorder/network_order.go:213.2,213.34 1 0
github.com/claudioed/network-fulfillment/internal/domain/networkorder/network_order.go:214.3,215.1 1 0
github.com/claudioed/network-fulfillment/internal/domain/networkorder/network_order.go:216.2,216.27 1 0
github.com/claudioed/network-fulfillment/internal/domain/networkorder/network_order.go:217.3,218.1 1 0
github.com/claudioed/network-fulfillment/internal/domain/networkorder/network_order.go:219.2,220.12 2 0
github.com/claudioed/network-fulfillment/internal/domain/networkorder/network_order.go:226.2,226.34 1 0
github.com/claudioed/network-fulfillment/internal/domain/networkorder/network_order.go:227.3,228.1 1 0
github.com/claudioed/network-fulfillment/internal/domain/networkorder/network_order.go:229.2,230.12 2 0
github.com/claudioed/network-fulfillment/internal/domain/networkorder/network_order.go:237.2,238.1 1 0
github.com/claudioed/network-fulfillment/internal/domain/networkorder/network_order.go:246.2,247.28 2 0
github.com/claudioed/network-fulfillment/internal/domain/networkorder/network_order.go:248.3,249.1 1 0
github.com/claudioed/network-fulfillment/internal/domain/networkorder/network_order.go:250.2,250.12 1 0
github.com/claudioed/network-fulfillment/internal/domain/networkorder/network_order.go:253.57,253.78 1 0
github.com/claudioed/network-fulfillment/internal/domain/networkorder/network_order.go:254.57,254.74 1 0
github.com/claudioed/network-fulfillment/internal/domain/networkorder/network_order.go:255.57,255.82 1 0
github.com/claudioed/network-fulfillment/internal/domain/networkorder/network_order.go:256.57,256.81 1 0
github.com/claudioed/network-fulfillment/internal/domain/networkorder/network_order.go:257.57,257.73 1 0
github.com/claudioed/network-fulfillment/internal/domain/networkorder/network_order.go:258.57,258.78 1 0
github.com/claudioed/network-fulfillment/internal/domain/networkorder/network_order.go:260.2,261.1 1 0
github.com/claudioed/network-fulfillment/internal/domain/networkorder/network_order.go:267.2,270.1 3 0
github.com/claudioed/network-fulfillment/internal/domain/networkorder/network_order.go:283.2,292.1 1 0
github.com/claudioed/network-fulfillment/internal/application/usecases/receive_network_demand.go:53.2,54.1 2 0
github.com/claudioed/network-fulfillment/internal/application/usecases/receive_network_demand.go:60.2,60.78 2 0
github.com/claudioed/network-fulfillment/internal/application/usecases/receive_network_demand.go:61.3,62.1 1 0
github.com/claudioed/network-fulfillment/internal/application/usecases/receive_network_demand.go:62.9,62.28 1 0
github.com/claudioed/network-fulfillment/internal/application/usecases/receive_network_demand.go:63.3,64.1 1 0
github.com/claudioed/network-fulfillment/internal/application/usecases/receive_network_demand.go:66.2,67.1 2 0
github.com/claudioed/network-fulfillment/internal/application/usecases/receive_network_demand.go:72.2,72.27 2 0
github.com/claudioed/network-fulfillment/internal/application/usecases/receive_network_demand.go:73.3,73.59 1 0
github.com/claudioed/network-fulfillment/internal/application/usecases/receive_network_demand.go:74.4,75.1 1 0
github.com/claudioed/network-fulfillment/internal/application/usecases/receive_network_demand.go:76.3,76.51 1 0
github.com/claudioed/network-fulfillment/internal/application/usecases/receive_network_demand.go:79.2,80.16 2 0
github.com/claudioed/network-fulfillment/internal/application/usecases/receive_network_demand.go:81.3,82.1 1 0
github.com/claudioed/network-fulfillment/internal/application/usecases/receive_network_demand.go:84.2,89.16 2 0
github.com/claudioed/network-fulfillment/internal/application/usecases/receive_network_demand.go:90.3,91.1 1 0
github.com/claudioed/network-fulfillment/internal/application/usecases/receive_network_demand.go:93.2,93.22 1 0
github.com/claudioed/network-fulfillment/internal/application/usecases/receive_network_demand.go:94.3,95.1 1 0
github.com/claudioed/network-fulfillment/internal/application/usecases/receive_network_demand.go:96.2,96.39 1 0
github.com/claudioed/network-fulfillment/internal/application/usecases/receive_network_demand.go:102.2,103.33 2 0
github.com/claudioed/network-fulfillment/internal/application/usecases/receive_network_demand.go:104.3,105.17 2 0
github.com/claudioed/network-fulfillment/internal/application/usecases/receive_network_demand.go:106.4,107.1 1 0
github.com/claudioed/network-fulfillment/internal/application/usecases/receive_network_demand.go:108.3,109.17 2 0
github.com/claudioed/network-fulfillment/internal/application/usecases/receive_network_demand.go:110.4,111.1 1 0
github.com/claudioed/network-fulfillment/internal/application/usecases/receive_network_demand.go:112.3,112.30 1 0
github.com/claudioed/network-fulfillment/internal/application/usecases/receive_network_demand.go:114.2,114.19 1 0
github.com/claudioed/network-fulfillment/internal/application/usecases/receive_network_demand.go:122.2,123.16 2 0
github.com/claudioed/network-fulfillment/internal/application/usecases/receive_network_demand.go:124.3,125.1 1 0
github.com/claudioed/network-fulfillment/internal/application/usecases/receive_network_demand.go:126.2,126.31 1 0
github.com/claudioed/network-fulfillment/internal/application/usecases/receive_network_demand.go:138.2,138.18 1 0
github.com/claudioed/network-fulfillment/internal/application/usecases/receive_network_demand.go:139.3,139.65 1 0
github.com/claudioed/network-fulfillment/internal/application/usecases/receive_network_demand.go:140.4,141.1 1 0
github.com/claudioed/network-fulfillment/internal/application/usecases/receive_network_demand.go:143.2,143.35 1 0
github.com/claudioed/network-fulfillment/internal/application/usecases/receive_network_demand.go:144.3,145.1 1 0
github.com/claudioed/network-fulfillment/internal/application/usecases/receive_network_demand.go:146.2,146.47 1 0
github.com/claudioed/network-fulfillment/internal/application/usecases/receive_network_demand.go:147.3,148.1 1 0
github.com/claudioed/network-fulfillment/internal/application/usecases/receive_network_demand.go:149.2,149.85 1 0
github.com/claudioed/network-fulfillment/internal/application/usecases/receive_network_demand.go:150.3,151.1 1 0
github.com/claudioed/network-fulfillment/internal/application/usecases/receive_network_demand.go:152.2,152.15 1 0
github.com/claudioed/network-fulfillment/internal/application/usecases/receive_network_demand.go:165.2,165.40 1 0
github.com/claudioed/network-fulfillment/internal/application/usecases/receive_network_demand.go:166.3,167.1 1 0
github.com/claudioed/network-fulfillment/internal/application/usecases/receive_network_demand.go:168.2,168.62 1 0
github.com/claudioed/network-fulfillment/internal/application/usecases/receive_network_demand.go:169.3,170.1 1 0
github.com/claudioed/network-fulfillment/internal/application/usecases/receive_network_demand.go:171.2,171.47 1 0
github.com/claudioed/network-fulfillment/internal/application/usecases/receive_network_demand.go:172.3,173.1 1 0
github.com/claudioed/network-fulfillment/internal/application/usecases/receive_network_demand.go:174.2,174.84 1 0
github.com/claudioed/network-fulfillment/internal/application/usecases/receive_network_demand.go:175.3,176.1 1 0
github.com/claudioed/network-fulfillment/internal/application/usecases/receive_network_demand.go:177.2,177.78 1 0
github.com/claudioed/network-fulfillment/internal/application/usecases/receive_network_demand.go:178.3,179.1 1 0
github.com/claudioed/network-fulfillment/internal/application/usecases/receive_network_demand.go:180.2,180.15 1 0
github.com/claudioed/network-fulfillment/internal/application/usecases/sweep_acknowledgement_deadlines.go:42.2,43.1 3 0
github.com/claudioed/network-fulfillment/internal/application/usecases/sweep_acknowledgement_deadlines.go:44.2,45.16 3 0
github.com/claudioed/network-fulfillment/internal/application/usecases/sweep_acknowledgement_deadlines.go:46.3,47.1 1 0
github.com/claudioed/network-fulfillment/internal/application/usecases/sweep_acknowledgement_deadlines.go:49.2,50.31 2 0
github.com/claudioed/network-fulfillment/internal/application/usecases/sweep_acknowledgement_deadlines.go:51.3,51.37 1 0
github.com/claudioed/network-fulfillment/internal/application/usecases/sweep_acknowledgement_deadlines.go:52.4,52.12 1 0
github.com/claudioed/network-fulfillment/internal/application/usecases/sweep_acknowledgement_deadlines.go:54.3,54.44 1 0
github.com/claudioed/network-fulfillment/internal/application/usecases/sweep_acknowledgement_deadlines.go:60.4,60.12 1 0
github.com/claudioed/network-fulfillment/internal/application/usecases/sweep_acknowledgement_deadlines.go:62.3,62.15 1 0
github.com/claudioed/network-fulfillment/internal/application/usecases/sweep_acknowledgement_deadlines.go:64.2,64.17 1 0
github.com/claudioed/network-fulfillment/internal/application/usecases/sweep_acknowledgement_deadlines.go:71.2,71.45 1 0
github.com/claudioed/network-fulfillment/internal/application/usecases/sweep_acknowledgement_deadlines.go:72.3,72.65 1 0
github.com/claudioed/network-fulfillment/internal/application/usecases/sweep_acknowledgement_deadlines.go:73.4,74.1 1 0
github.com/claudioed/network-fulfillment/internal/application/usecases/sweep_acknowledgement_deadlines.go:76.2,76.35 1 0
github.com/claudioed/network-fulfillment/internal/application/usecases/sweep_acknowledgement_deadlines.go:77.3,78.1 1 0
github.com/claudioed/network-fulfillment/internal/application/usecases/sweep_acknowledgement_deadlines.go:79.2,79.31 1 0
github.com/claudioed/network-fulfillment/internal/domain/networkorder/network_order.go:76.2,76.15 1 11
github.com/claudioed/network-fulfillment/internal/domain/networkorder/network_order.go:77.3,78.1 1 0
github.com/claudioed/network-fulfillment/internal/domain/networkorder/network_order.go:79.2,79.21 1 11
github.com/claudioed/network-fulfillment/internal/domain/networkorder/network_order.go:80.3,81.1 1 0
github.com/claudioed/network-fulfillment/internal/domain/networkorder/network_order.go:82.2,82.15 1 11
github.com/claudioed/network-fulfillment/internal/domain/networkorder/network_order.go:83.3,84.1 1 0
github.com/claudioed/network-fulfillment/internal/domain/networkorder/network_order.go:85.2,85.19 1 11
github.com/claudioed/network-fulfillment/internal/domain/networkorder/network_order.go:86.3,87.1 1 0
github.com/claudioed/network-fulfillment/internal/domain/networkorder/network_order.go:88.2,88.98 1 11
github.com/claudioed/network-fulfillment/internal/domain/networkorder/network_order.go:91.60,91.85 1 7
github.com/claudioed/network-fulfillment/internal/domain/networkorder/network_order.go:92.60,92.87 1 7
github.com/claudioed/network-fulfillment/internal/domain/networkorder/network_order.go:93.60,93.74 1 7
github.com/claudioed/network-fulfillment/internal/domain/networkorder/network_order.go:94.60,94.79 1 7
github.com/claudioed/network-fulfillment/internal/domain/networkorder/network_order.go:136.2,136.15 1 10
github.com/claudioed/network-fulfillment/internal/domain/networkorder/network_order.go:137.3,138.1 1 0
github.com/claudioed/network-fulfillment/internal/domain/networkorder/network_order.go:139.2,139.21 1 10
github.com/claudioed/network-fulfillment/internal/domain/networkorder/network_order.go:140.3,141.1 1 0
github.com/claudioed/network-fulfillment/internal/domain/networkorder/network_order.go:142.2,150.8 1 10
github.com/claudioed/network-fulfillment/internal/domain/networkorder/network_order.go:172.2,172.15 1 0
github.com/claudioed/network-fulfillment/internal/domain/networkorder/network_order.go:173.3,174.1 1 0
github.com/claudioed/network-fulfillment/internal/domain/networkorder/network_order.go:175.2,182.8 1 0
github.com/claudioed/network-fulfillment/internal/domain/networkorder/network_order.go:190.2,190.25 1 2
github.com/claudioed/network-fulfillment/internal/domain/networkorder/network_order.go:191.3,192.1 1 0
github.com/claudioed/network-fulfillment/internal/domain/networkorder/network_order.go:193.2,194.12 2 2
github.com/claudioed/network-fulfillment/internal/domain/networkorder/network_order.go:202.2,202.25 1 0
github.com/claudioed/network-fulfillment/internal/domain/networkorder/network_order.go:203.3,204.1 1 0
github.com/claudioed/network-fulfillment/internal/domain/networkorder/network_order.go:205.2,206.12 2 0
github.com/claudioed/network-fulfillment/internal/domain/networkorder/network_order.go:213.2,213.34 1 1
github.com/claudioed/network-fulfillment/internal/domain/networkorder/network_order.go:214.3,215.1 1 0
github.com/claudioed/network-fulfillment/internal/domain/networkorder/network_order.go:216.2,216.27 1 1
github.com/claudioed/network-fulfillment/internal/domain/networkorder/network_order.go:217.3,218.1 1 0
github.com/claudioed/network-fulfillment/internal/domain/networkorder/network_order.go:219.2,220.12 2 1
github.com/claudioed/network-fulfillment/internal/domain/networkorder/network_order.go:226.2,226.34 1 0
github.com/claudioed/network-fulfillment/internal/domain/networkorder/network_order.go:227.3,228.1 1 0
github.com/claudioed/network-fulfillment/internal/domain/networkorder/network_order.go:229.2,230.12 2 0
github.com/claudioed/network-fulfillment/internal/domain/networkorder/network_order.go:237.2,238.1 1 8
github.com/claudioed/network-fulfillment/internal/domain/networkorder/network_order.go:246.2,247.28 2 0
github.com/claudioed/network-fulfillment/internal/domain/networkorder/network_order.go:248.3,249.1 1 0
github.com/claudioed/network-fulfillment/internal/domain/networkorder/network_order.go:250.2,250.12 1 0
github.com/claudioed/network-fulfillment/internal/domain/networkorder/network_order.go:253.57,253.78 1 18
github.com/claudioed/network-fulfillment/internal/domain/networkorder/network_order.go:254.57,254.74 1 6
github.com/claudioed/network-fulfillment/internal/domain/networkorder/network_order.go:255.57,255.82 1 6
github.com/claudioed/network-fulfillment/internal/domain/networkorder/network_order.go:256.57,256.81 1 6
github.com/claudioed/network-fulfillment/internal/domain/networkorder/network_order.go:257.57,257.73 1 10
github.com/claudioed/network-fulfillment/internal/domain/networkorder/network_order.go:258.57,258.78 1 6
github.com/claudioed/network-fulfillment/internal/domain/networkorder/network_order.go:260.2,261.1 1 6
github.com/claudioed/network-fulfillment/internal/domain/networkorder/network_order.go:267.2,270.1 3 12
github.com/claudioed/network-fulfillment/internal/domain/networkorder/network_order.go:283.2,292.1 1 0
github.com/claudioed/network-fulfillment/internal/application/usecases/receive_network_demand.go:53.2,54.1 2 0
github.com/claudioed/network-fulfillment/internal/application/usecases/receive_network_demand.go:60.2,60.78 2 0
github.com/claudioed/network-fulfillment/internal/application/usecases/receive_network_demand.go:61.3,62.1 1 0
github.com/claudioed/network-fulfillment/internal/application/usecases/receive_network_demand.go:62.9,62.28 1 0
github.com/claudioed/network-fulfillment/internal/application/usecases/receive_network_demand.go:63.3,64.1 1 0
github.com/claudioed/network-fulfillment/internal/application/usecases/receive_network_demand.go:66.2,67.1 2 0
github.com/claudioed/network-fulfillment/internal/application/usecases/receive_network_demand.go:72.2,72.27 2 0
github.com/claudioed/network-fulfillment/internal/application/usecases/receive_network_demand.go:73.3,73.59 1 0
github.com/claudioed/network-fulfillment/internal/application/usecases/receive_network_demand.go:74.4,75.1 1 0
github.com/claudioed/network-fulfillment/internal/application/usecases/receive_network_demand.go:76.3,76.51 1 0
github.com/claudioed/network-fulfillment/internal/application/usecases/receive_network_demand.go:79.2,80.16 2 0
github.com/claudioed/network-fulfillment/internal/application/usecases/receive_network_demand.go:81.3,82.1 1 0
github.com/claudioed/network-fulfillment/internal/application/usecases/receive_network_demand.go:84.2,89.16 2 0
github.com/claudioed/network-fulfillment/internal/application/usecases/receive_network_demand.go:90.3,91.1 1 0
github.com/claudioed/network-fulfillment/internal/application/usecases/receive_network_demand.go:93.2,93.22 1 0
github.com/claudioed/network-fulfillment/internal/application/usecases/receive_network_demand.go:94.3,95.1 1 0
github.com/claudioed/network-fulfillment/internal/application/usecases/receive_network_demand.go:96.2,96.39 1 0
github.com/claudioed/network-fulfillment/internal/application/usecases/receive_network_demand.go:102.2,103.33 2 0
github.com/claudioed/network-fulfillment/internal/application/usecases/receive_network_demand.go:104.3,105.17 2 0
github.com/claudioed/network-fulfillment/internal/application/usecases/receive_network_demand.go:106.4,107.1 1 0
github.com/claudioed/network-fulfillment/internal/application/usecases/receive_network_demand.go:108.3,109.17 2 0
github.com/claudioed/network-fulfillment/internal/application/usecases/receive_network_demand.go:110.4,111.1 1 0
github.com/claudioed/network-fulfillment/internal/application/usecases/receive_network_demand.go:112.3,112.30 1 0
github.com/claudioed/network-fulfillment/internal/application/usecases/receive_network_demand.go:114.2,114.19 1 0
github.com/claudioed/network-fulfillment/internal/application/usecases/receive_network_demand.go:122.2,123.16 2 0
github.com/claudioed/network-fulfillment/internal/application/usecases/receive_network_demand.go:124.3,125.1 1 0
github.com/claudioed/network-fulfillment/internal/application/usecases/receive_network_demand.go:126.2,126.31 1 0
github.com/claudioed/network-fulfillment/internal/application/usecases/receive_network_demand.go:138.2,138.18 1 0
github.com/claudioed/network-fulfillment/internal/application/usecases/receive_network_demand.go:139.3,139.65 1 0
github.com/claudioed/network-fulfillment/internal/application/usecases/receive_network_demand.go:140.4,141.1 1 0
github.com/claudioed/network-fulfillment/internal/application/usecases/receive_network_demand.go:143.2,143.35 1 0
github.com/claudioed/network-fulfillment/internal/application/usecases/receive_network_demand.go:144.3,145.1 1 0
github.com/claudioed/network-fulfillment/internal/application/usecases/receive_network_demand.go:146.2,146.47 1 0
github.com/claudioed/network-fulfillment/internal/application/usecases/receive_network_demand.go:147.3,148.1 1 0
github.com/claudioed/network-fulfillment/internal/application/usecases/receive_network_demand.go:149.2,149.85 1 0
github.com/claudioed/network-fulfillment/internal/application/usecases/receive_network_demand.go:150.3,151.1 1 0
github.com/claudioed/network-fulfillment/internal/application/usecases/receive_network_demand.go:152.2,152.15 1 0
github.com/claudioed/network-fulfillment/internal/application/usecases/receive_network_demand.go:165.2,165.40 1 0
github.com/claudioed/network-fulfillment/internal/application/usecases/receive_network_demand.go:166.3,167.1 1 0
github.com/claudioed/network-fulfillment/internal/application/usecases/receive_network_demand.go:168.2,168.62 1 0
github.com/claudioed/network-fulfillment/internal/application/usecases/receive_network_demand.go:169.3,170.1 1 0
github.com/claudioed/network-fulfillment/internal/application/usecases/receive_network_demand.go:171.2,171.47 1 0
github.com/claudioed/network-fulfillment/internal/application/usecases/receive_network_demand.go:172.3,173.1 1 0
github.com/claudioed/network-fulfillment/internal/application/usecases/receive_network_demand.go:174.2,174.84 1 0
github.com/claudioed/network-fulfillment/internal/application/usecases/receive_network_demand.go:175.3,176.1 1 0
github.com/claudioed/network-fulfillment/internal/application/usecases/receive_network_demand.go:177.2,177.78 1 0
github.com/claudioed/network-fulfillment/internal/application/usecases/receive_network_demand.go:178.3,179.1 1 0
github.com/claudioed/network-fulfillment/internal/application/usecases/receive_network_demand.go:180.2,180.15 1 0
github.com/claudioed/network-fulfillment/internal/application/usecases/sweep_acknowledgement_deadlines.go:42.2,43.1 3 0
github.com/claudioed/network-fulfillment/internal/application/usecases/sweep_acknowledgement_deadlines.go:44.2,45.16 3 0
github.com/claudioed/network-fulfillment/internal/application/usecases/sweep_acknowledgement_deadlines.go:46.3,47.1 1 0
github.com/claudioed/network-fulfillment/internal/application/usecases/sweep_acknowledgement_deadlines.go:49.2,50.31 2 0
github.com/claudioed/network-fulfillment/internal/application/usecases/sweep_acknowledgement_deadlines.go:51.3,51.37 1 0
github.com/claudioed/network-fulfillment/internal/application/usecases/sweep_acknowledgement_deadlines.go:52.4,52.12 1 0
github.com/claudioed/network-fulfillment/internal/application/usecases/sweep_acknowledgement_deadlines.go:54.3,54.44 1 0
github.com/claudioed/network-fulfillment/internal/application/usecases/sweep_acknowledgement_deadlines.go:60.4,60.12 1 0
github.com/claudioed/network-fulfillment/internal/application/usecases/sweep_acknowledgement_deadlines.go:62.3,62.15 1 0
github.com/claudioed/network-fulfillment/internal/application/usecases/sweep_acknowledgement_deadlines.go:64.2,64.17 1 0
github.com/claudioed/network-fulfillment/internal/application/usecases/sweep_acknowledgement_deadlines.go:71.2,71.45 1 0
github.com/claudioed/network-fulfillment/internal/application/usecases/sweep_acknowledgement_deadlines.go:72.3,72.65 1 0
github.com/claudioed/network-fulfillment/internal/application/usecases/sweep_acknowledgement_deadlines.go:73.4,74.1 1 0
github.com/claudioed/network-fulfillment/internal/application/usecases/sweep_acknowledgement_deadlines.go:76.2,76.35 1 0
github.com/claudioed/network-fulfillment/internal/application/usecases/sweep_acknowledgement_deadlines.go:77.3,78.1 1 0
github.com/claudioed/network-fulfillment/internal/application/usecases/sweep_acknowledgement_deadlines.go:79.2,79.31 1 0
github.com/claudioed/network-fulfillment/internal/domain/networkorder/network_order.go:76.2,76.15 1 0
github.com/claudioed/network-fulfillment/internal/domain/networkorder/network_order.go:77.3,78.1 1 0
github.com/claudioed/network-fulfillment/internal/domain/networkorder/network_order.go:79.2,79.21 1 0
github.com/claudioed/network-fulfillment/internal/domain/networkorder/network_order.go:80.3,81.1 1 0
github.com/claudioed/network-fulfillment/internal/domain/networkorder/network_order.go:82.2,82.15 1 0
github.com/claudioed/network-fulfillment/internal/domain/networkorder/network_order.go:83.3,84.1 1 0
github.com/claudioed/network-fulfillment/internal/domain/networkorder/network_order.go:85.2,85.19 1 0
github.com/claudioed/network-fulfillment/internal/domain/networkorder/network_order.go:86.3,87.1 1 0
github.com/claudioed/network-fulfillment/internal/domain/networkorder/network_order.go:88.2,88.98 1 0
github.com/claudioed/network-fulfillment/internal/domain/networkorder/network_order.go:91.60,91.85 1 0
github.com/claudioed/network-fulfillment/internal/domain/networkorder/network_order.go:92.60,92.87 1 0
github.com/claudioed/network-fulfillment/internal/domain/networkorder/network_order.go:93.60,93.74 1 0
github.com/claudioed/network-fulfillment/internal/domain/networkorder/network_order.go:94.60,94.79 1 0
github.com/claudioed/network-fulfillment/internal/domain/networkorder/network_order.go:136.2,136.15 1 0
github.com/claudioed/network-fulfillment/internal/domain/networkorder/network_order.go:137.3,138.1 1 0
github.com/claudioed/network-fulfillment/internal/domain/networkorder/network_order.go:139.2,139.21 1 0
github.com/claudioed/network-fulfillment/internal/domain/networkorder/network_order.go:140.3,141.1 1 0
github.com/claudioed/network-fulfillment/internal/domain/networkorder/network_order.go:142.2,150.8 1 0
github.com/claudioed/network-fulfillment/internal/domain/networkorder/network_order.go:172.2,172.15 1 0
github.com/claudioed/network-fulfillment/internal/domain/networkorder/network_order.go:173.3,174.1 1 0
github.com/claudioed/network-fulfillment/internal/domain/networkorder/network_order.go:175.2,182.8 1 0
github.com/claudioed/network-fulfillment/internal/domain/networkorder/network_order.go:190.2,190.25 1 0
github.com/claudioed/network-fulfillment/internal/domain/networkorder/network_order.go:191.3,192.1 1 0
github.com/claudioed/network-fulfillment/internal/domain/networkorder/network_order.go:193.2,194.12 2 0
github.com/claudioed/network-fulfillment/internal/domain/networkorder/network_order.go:202.2,202.25 1 0
github.com/claudioed/network-fulfillment/internal/domain/networkorder/network_order.go:203.3,204.1 1 0
github.com/claudioed/network-fulfillment/internal/domain/networkorder/network_order.go:205.2,206.12 2 0
github.com/claudioed/network-fulfillment/internal/domain/networkorder/network_order.go:213.2,213.34 1 0
github.com/claudioed/network-fulfillment/internal/domain/networkorder/network_order.go:214.3,215.1 1 0
github.com/claudioed/network-fulfillment/internal/domain/networkorder/network_order.go:216.2,216.27 1 0
github.com/claudioed/network-fulfillment/internal/domain/networkorder/network_order.go:217.3,218.1 1 0
github.com/claudioed/network-fulfillment/internal/domain/networkorder/network_order.go:219.2,220.12 2 0
github.com/claudioed/network-fulfillment/internal/domain/networkorder/network_order.go:226.2,226.34 1 0
github.com/claudioed/network-fulfillment/internal/domain/networkorder/network_order.go:227.3,228.1 1 0
github.com/claudioed/network-fulfillment/internal/domain/networkorder/network_order.go:229.2,230.12 2 0
github.com/claudioed/network-fulfillment/internal/domain/networkorder/network_order.go:237.2,238.1 1 0
github.com/claudioed/network-fulfillment/internal/domain/networkorder/network_order.go:246.2,247.28 2 0
github.com/claudioed/network-fulfillment/internal/domain/networkorder/network_order.go:248.3,249.1 1 0
github.com/claudioed/network-fulfillment/internal/domain/networkorder/network_order.go:250.2,250.12 1 0
github.com/claudioed/network-fulfillment/internal/domain/networkorder/network_order.go:253.57,253.78 1 0
github.com/claudioed/network-fulfillment/internal/domain/networkorder/network_order.go:254.57,254.74 1 0
github.com/claudioed/network-fulfillment/internal/domain/networkorder/network_order.go:255.57,255.82 1 0
github.com/claudioed/network-fulfillment/internal/domain/networkorder/network_order.go:256.57,256.81 1 0
github.com/claudioed/network-fulfillment/internal/domain/networkorder/network_order.go:257.57,257.73 1 0
github.com/claudioed/network-fulfillment/internal/domain/networkorder/network_order.go:258.57,258.78 1 0
github.com/claudioed/network-fulfillment/internal/domain/networkorder/network_order.go:260.2,261.1 1 0
github.com/claudioed/network-fulfillment/internal/domain/networkorder/network_order.go:267.2,270.1 3 0
github.com/claudioed/network-fulfillment/internal/domain/networkorder/network_order.go:283.2,292.1 1 0
github.com/claudioed/network-fulfillment/internal/application/usecases/receive_network_demand.go:53.2,54.1 2 13
github.com/claudioed/network-fulfillment/internal/application/usecases/receive_network_demand.go:60.2,60.78 2 13
github.com/claudioed/network-fulfillment/internal/application/usecases/receive_network_demand.go:61.3,62.1 1 1
github.com/claudioed/network-fulfillment/internal/application/usecases/receive_network_demand.go:62.9,62.28 1 12
github.com/claudioed/network-fulfillment/internal/application/usecases/receive_network_demand.go:63.3,64.1 1 1
github.com/claudioed/network-fulfillment/internal/application/usecases/receive_network_demand.go:66.2,67.1 2 11
github.com/claudioed/network-fulfillment/internal/application/usecases/receive_network_demand.go:72.2,72.27 2 11
github.com/claudioed/network-fulfillment/internal/application/usecases/receive_network_demand.go:73.3,73.59 1 2
github.com/claudioed/network-fulfillment/internal/application/usecases/receive_network_demand.go:74.4,75.1 1 0
github.com/claudioed/network-fulfillment/internal/application/usecases/receive_network_demand.go:76.3,76.51 1 2
github.com/claudioed/network-fulfillment/internal/application/usecases/receive_network_demand.go:79.2,80.16 2 9
github.com/claudioed/network-fulfillment/internal/application/usecases/receive_network_demand.go:81.3,82.1 1 0
github.com/claudioed/network-fulfillment/internal/application/usecases/receive_network_demand.go:84.2,89.16 2 9
github.com/claudioed/network-fulfillment/internal/application/usecases/receive_network_demand.go:90.3,91.1 1 1
github.com/claudioed/network-fulfillment/internal/application/usecases/receive_network_demand.go:93.2,93.22 1 8
github.com/claudioed/network-fulfillment/internal/application/usecases/receive_network_demand.go:94.3,95.1 1 2
github.com/claudioed/network-fulfillment/internal/application/usecases/receive_network_demand.go:96.2,96.39 1 6
github.com/claudioed/network-fulfillment/internal/application/usecases/receive_network_demand.go:102.2,103.33 2 11
github.com/claudioed/network-fulfillment/internal/application/usecases/receive_network_demand.go:104.3,105.17 2 13
github.com/claudioed/network-fulfillment/internal/application/usecases/receive_network_demand.go:106.4,107.1 1 2
github.com/claudioed/network-fulfillment/internal/application/usecases/receive_network_demand.go:108.3,109.17 2 11
github.com/claudioed/network-fulfillment/internal/application/usecases/receive_network_demand.go:110.4,111.1 1 0
github.com/claudioed/network-fulfillment/internal/application/usecases/receive_network_demand.go:112.3,112.30 1 11
github.com/claudioed/network-fulfillment/internal/application/usecases/receive_network_demand.go:114.2,114.19 1 9
github.com/claudioed/network-fulfillment/internal/application/usecases/receive_network_demand.go:122.2,123.16 2 2
github.com/claudioed/network-fulfillment/internal/application/usecases/receive_network_demand.go:124.3,125.1 1 0
github.com/claudioed/network-fulfillment/internal/application/usecases/receive_network_demand.go:126.2,126.31 1 2
github.com/claudioed/network-fulfillment/internal/application/usecases/receive_network_demand.go:138.2,138.18 1 4
github.com/claudioed/network-fulfillment/internal/application/usecases/receive_network_demand.go:139.3,139.65 1 2
github.com/claudioed/network-fulfillment/internal/application/usecases/receive_network_demand.go:140.4,141.1 1 1
github.com/claudioed/network-fulfillment/internal/application/usecases/receive_network_demand.go:143.2,143.35 1 3
github.com/claudioed/network-fulfillment/internal/application/usecases/receive_network_demand.go:144.3,145.1 1 0
github.com/claudioed/network-fulfillment/internal/application/usecases/receive_network_demand.go:146.2,146.47 1 3
github.com/claudioed/network-fulfillment/internal/application/usecases/receive_network_demand.go:147.3,148.1 1 0
github.com/claudioed/network-fulfillment/internal/application/usecases/receive_network_demand.go:149.2,149.85 1 3
github.com/claudioed/network-fulfillment/internal/application/usecases/receive_network_demand.go:150.3,151.1 1 0
github.com/claudioed/network-fulfillment/internal/application/usecases/receive_network_demand.go:152.2,152.15 1 3
github.com/claudioed/network-fulfillment/internal/application/usecases/receive_network_demand.go:165.2,165.40 1 6
github.com/claudioed/network-fulfillment/internal/application/usecases/receive_network_demand.go:166.3,167.1 1 0
github.com/claudioed/network-fulfillment/internal/application/usecases/receive_network_demand.go:168.2,168.62 1 6
github.com/claudioed/network-fulfillment/internal/application/usecases/receive_network_demand.go:169.3,170.1 1 0
github.com/claudioed/network-fulfillment/internal/application/usecases/receive_network_demand.go:171.2,171.47 1 6
github.com/claudioed/network-fulfillment/internal/application/usecases/receive_network_demand.go:172.3,173.1 1 1
github.com/claudioed/network-fulfillment/internal/application/usecases/receive_network_demand.go:174.2,174.84 1 5
github.com/claudioed/network-fulfillment/internal/application/usecases/receive_network_demand.go:175.3,176.1 1 0
github.com/claudioed/network-fulfillment/internal/application/usecases/receive_network_demand.go:177.2,177.78 1 5
github.com/claudioed/network-fulfillment/internal/application/usecases/receive_network_demand.go:178.3,179.1 1 1
github.com/claudioed/network-fulfillment/internal/application/usecases/receive_network_demand.go:180.2,180.15 1 4
github.com/claudioed/network-fulfillment/internal/application/usecases/sweep_acknowledgement_deadlines.go:42.2,43.1 3 4
github.com/claudioed/network-fulfillment/internal/application/usecases/sweep_acknowledgement_deadlines.go:44.2,45.16 3 4
github.com/claudioed/network-fulfillment/internal/application/usecases/sweep_acknowledgement_deadlines.go:46.3,47.1 1 1
github.com/claudioed/network-fulfillment/internal/application/usecases/sweep_acknowledgement_deadlines.go:49.2,50.31 2 3
github.com/claudioed/network-fulfillment/internal/application/usecases/sweep_acknowledgement_deadlines.go:51.3,51.37 1 3
github.com/claudioed/network-fulfillment/internal/application/usecases/sweep_acknowledgement_deadlines.go:52.4,52.12 1 0
github.com/claudioed/network-fulfillment/internal/application/usecases/sweep_acknowledgement_deadlines.go:54.3,54.44 1 3
github.com/claudioed/network-fulfillment/internal/application/usecases/sweep_acknowledgement_deadlines.go:60.4,60.12 1 2
github.com/claudioed/network-fulfillment/internal/application/usecases/sweep_acknowledgement_deadlines.go:62.3,62.15 1 1
github.com/claudioed/network-fulfillment/internal/application/usecases/sweep_acknowledgement_deadlines.go:64.2,64.17 1 3
github.com/claudioed/network-fulfillment/internal/application/usecases/sweep_acknowledgement_deadlines.go:71.2,71.45 1 3
github.com/claudioed/network-fulfillment/internal/application/usecases/sweep_acknowledgement_deadlines.go:72.3,72.65 1 3
github.com/claudioed/network-fulfillment/internal/application/usecases/sweep_acknowledgement_deadlines.go:73.4,74.1 1 2
github.com/claudioed/network-fulfillment/internal/application/usecases/sweep_acknowledgement_deadlines.go:76.2,76.35 1 1
github.com/claudioed/network-fulfillment/internal/application/usecases/sweep_acknowledgement_deadlines.go:77.3,78.1 1 0
github.com/claudioed/network-fulfillment/internal/application/usecases/sweep_acknowledgement_deadlines.go:79.2,79.31 1 1
github.com/claudioed/network-fulfillment/internal/domain/networkorder/network_order.go:76.2,76.15 1 15
github.com/claudioed/network-fulfillment/internal/domain/networkorder/network_order.go:77.3,78.1 1 0
github.com/claudioed/network-fulfillment/internal/domain/networkorder/network_order.go:79.2,79.21 1 15
github.com/claudioed/network-fulfillment/internal/domain/networkorder/network_order.go:80.3,81.1 1 0
github.com/claudioed/network-fulfillment/internal/domain/networkorder/network_order.go:82.2,82.15 1 15
github.com/claudioed/network-fulfillment/internal/domain/networkorder/network_order.go:83.3,84.1 1 0
github.com/claudioed/network-fulfillment/internal/domain/networkorder/network_order.go:85.2,85.19 1 15
github.com/claudioed/network-fulfillment/internal/domain/networkorder/network_order.go:86.3,87.1 1 0
github.com/claudioed/network-fulfillment/internal/domain/networkorder/network_order.go:88.2,88.98 1 15
github.com/claudioed/network-fulfillment/internal/domain/networkorder/network_order.go:91.60,91.85 1 0
github.com/claudioed/network-fulfillment/internal/domain/networkorder/network_order.go:92.60,92.87 1 0
github.com/claudioed/network-fulfillment/internal/domain/networkorder/network_order.go:93.60,93.74 1 0
github.com/claudioed/network-fulfillment/internal/domain/networkorder/network_order.go:94.60,94.79 1 0
github.com/claudioed/network-fulfillment/internal/domain/networkorder/network_order.go:136.2,136.15 1 10
github.com/claudioed/network-fulfillment/internal/domain/networkorder/network_order.go:137.3,138.1 1 0
github.com/claudioed/network-fulfillment/internal/domain/networkorder/network_order.go:139.2,139.21 1 10
github.com/claudioed/network-fulfillment/internal/domain/networkorder/network_order.go:140.3,141.1 1 0
github.com/claudioed/network-fulfillment/internal/domain/networkorder/network_order.go:142.2,150.8 1 10
github.com/claudioed/network-fulfillment/internal/domain/networkorder/network_order.go:172.2,172.15 1 3
github.com/claudioed/network-fulfillment/internal/domain/networkorder/network_order.go:173.3,174.1 1 1
github.com/claudioed/network-fulfillment/internal/domain/networkorder/network_order.go:175.2,182.8 1 2
github.com/claudioed/network-fulfillment/internal/domain/networkorder/network_order.go:190.2,190.25 1 7
github.com/claudioed/network-fulfillment/internal/domain/networkorder/network_order.go:191.3,192.1 1 0
github.com/claudioed/network-fulfillment/internal/domain/networkorder/network_order.go:193.2,194.12 2 7
github.com/claudioed/network-fulfillment/internal/domain/networkorder/network_order.go:202.2,202.25 1 4
github.com/claudioed/network-fulfillment/internal/domain/networkorder/network_order.go:203.3,204.1 1 0
github.com/claudioed/network-fulfillment/internal/domain/networkorder/network_order.go:205.2,206.12 2 4
github.com/claudioed/network-fulfillment/internal/domain/networkorder/network_order.go:213.2,213.34 1 7
github.com/claudioed/network-fulfillment/internal/domain/networkorder/network_order.go:214.3,215.1 1 0
github.com/claudioed/network-fulfillment/internal/domain/networkorder/network_order.go:216.2,216.27 1 7
github.com/claudioed/network-fulfillment/internal/domain/networkorder/network_order.go:217.3,218.1 1 0
github.com/claudioed/network-fulfillment/internal/domain/networkorder/network_order.go:219.2,220.12 2 7
github.com/claudioed/network-fulfillment/internal/domain/networkorder/network_order.go:226.2,226.34 1 0
github.com/claudioed/network-fulfillment/internal/domain/networkorder/network_order.go:227.3,228.1 1 0
github.com/claudioed/network-fulfillment/internal/domain/networkorder/network_order.go:229.2,230.12 2 0
github.com/claudioed/network-fulfillment/internal/domain/networkorder/network_order.go:237.2,238.1 1 3
github.com/claudioed/network-fulfillment/internal/domain/networkorder/network_order.go:246.2,247.28 2 9
github.com/claudioed/network-fulfillment/internal/domain/networkorder/network_order.go:248.3,249.1 1 10
github.com/claudioed/network-fulfillment/internal/domain/networkorder/network_order.go:250.2,250.12 1 9
github.com/claudioed/network-fulfillment/internal/domain/networkorder/network_order.go:253.57,253.78 1 20
github.com/claudioed/network-fulfillment/internal/domain/networkorder/network_order.go:254.57,254.74 1 9
github.com/claudioed/network-fulfillment/internal/domain/networkorder/network_order.go:255.57,255.82 1 9
github.com/claudioed/network-fulfillment/internal/domain/networkorder/network_order.go:256.57,256.81 1 0
github.com/claudioed/network-fulfillment/internal/domain/networkorder/network_order.go:257.57,257.73 1 10
github.com/claudioed/network-fulfillment/internal/domain/networkorder/network_order.go:258.57,258.78 1 0
github.com/claudioed/network-fulfillment/internal/domain/networkorder/network_order.go:260.2,261.1 1 3
github.com/claudioed/network-fulfillment/internal/domain/networkorder/network_order.go:267.2,270.1 3 0
github.com/claudioed/network-fulfillment/internal/domain/networkorder/network_order.go:283.2,292.1 1 3
github.com/claudioed/network-fulfillment/internal/application/usecases/receive_network_demand.go:53.2,54.1 2 0
github.com/claudioed/network-fulfillment/internal/application/usecases/receive_network_demand.go:60.2,60.78 2 0
github.com/claudioed/network-fulfillment/internal/application/usecases/receive_network_demand.go:61.3,62.1 1 0
github.com/claudioed/network-fulfillment/internal/application/usecases/receive_network_demand.go:62.9,62.28 1 0
github.com/claudioed/network-fulfillment/internal/application/usecases/receive_network_demand.go:63.3,64.1 1 0
github.com/claudioed/network-fulfillment/internal/application/usecases/receive_network_demand.go:66.2,67.1 2 0
github.com/claudioed/network-fulfillment/internal/application/usecases/receive_network_demand.go:72.2,72.27 2 0
github.com/claudioed/network-fulfillment/internal/application/usecases/receive_network_demand.go:73.3,73.59 1 0
github.com/claudioed/network-fulfillment/internal/application/usecases/receive_network_demand.go:74.4,75.1 1 0
github.com/claudioed/network-fulfillment/internal/application/usecases/receive_network_demand.go:76.3,76.51 1 0
github.com/claudioed/network-fulfillment/internal/application/usecases/receive_network_demand.go:79.2,80.16 2 0
github.com/claudioed/network-fulfillment/internal/application/usecases/receive_network_demand.go:81.3,82.1 1 0
github.com/claudioed/network-fulfillment/internal/application/usecases/receive_network_demand.go:84.2,89.16 2 0
github.com/claudioed/network-fulfillment/internal/application/usecases/receive_network_demand.go:90.3,91.1 1 0
github.com/claudioed/network-fulfillment/internal/application/usecases/receive_network_demand.go:93.2,93.22 1 0
github.com/claudioed/network-fulfillment/internal/application/usecases/receive_network_demand.go:94.3,95.1 1 0
github.com/claudioed/network-fulfillment/internal/application/usecases/receive_network_demand.go:96.2,96.39 1 0
github.com/claudioed/network-fulfillment/internal/application/usecases/receive_network_demand.go:102.2,103.33 2 0
github.com/claudioed/network-fulfillment/internal/application/usecases/receive_network_demand.go:104.3,105.17 2 0
github.com/claudioed/network-fulfillment/internal/application/usecases/receive_network_demand.go:106.4,107.1 1 0
github.com/claudioed/network-fulfillment/internal/application/usecases/receive_network_demand.go:108.3,109.17 2 0
github.com/claudioed/network-fulfillment/internal/application/usecases/receive_network_demand.go:110.4,111.1 1 0
github.com/claudioed/network-fulfillment/internal/application/usecases/receive_network_demand.go:112.3,112.30 1 0
github.com/claudioed/network-fulfillment/internal/application/usecases/receive_network_demand.go:114.2,114.19 1 0
github.com/claudioed/network-fulfillment/internal/application/usecases/receive_network_demand.go:122.2,123.16 2 0
github.com/claudioed/network-fulfillment/internal/application/usecases/receive_network_demand.go:124.3,125.1 1 0
github.com/claudioed/network-fulfillment/internal/application/usecases/receive_network_demand.go:126.2,126.31 1 0
github.com/claudioed/network-fulfillment/internal/application/usecases/receive_network_demand.go:138.2,138.18 1 0
github.com/claudioed/network-fulfillment/internal/application/usecases/receive_network_demand.go:139.3,139.65 1 0
github.com/claudioed/network-fulfillment/internal/application/usecases/receive_network_demand.go:140.4,141.1 1 0
github.com/claudioed/network-fulfillment/internal/application/usecases/receive_network_demand.go:143.2,143.35 1 0
github.com/claudioed/network-fulfillment/internal/application/usecases/receive_network_demand.go:144.3,145.1 1 0
github.com/claudioed/network-fulfillment/internal/application/usecases/receive_network_demand.go:146.2,146.47 1 0
github.com/claudioed/network-fulfillment/internal/application/usecases/receive_network_demand.go:147.3,148.1 1 0
github.com/claudioed/network-fulfillment/internal/application/usecases/receive_network_demand.go:149.2,149.85 1 0
github.com/claudioed/network-fulfillment/internal/application/usecases/receive_network_demand.go:150.3,151.1 1 0
github.com/claudioed/network-fulfillment/internal/application/usecases/receive_network_demand.go:152.2,152.15 1 0
github.com/claudioed/network-fulfillment/internal/application/usecases/receive_network_demand.go:165.2,165.40 1 0
github.com/claudioed/network-fulfillment/internal/application/usecases/receive_network_demand.go:166.3,167.1 1 0
github.com/claudioed/network-fulfillment/internal/application/usecases/receive_network_demand.go:168.2,168.62 1 0
github.com/claudioed/network-fulfillment/internal/application/usecases/receive_network_demand.go:169.3,170.1 1 0
github.com/claudioed/network-fulfillment/internal/application/usecases/receive_network_demand.go:171.2,171.47 1 0
github.com/claudioed/network-fulfillment/internal/application/usecases/receive_network_demand.go:172.3,173.1 1 0
github.com/claudioed/network-fulfillment/internal/application/usecases/receive_network_demand.go:174.2,174.84 1 0
github.com/claudioed/network-fulfillment/internal/application/usecases/receive_network_demand.go:175.3,176.1 1 0
github.com/claudioed/network-fulfillment/internal/application/usecases/receive_network_demand.go:177.2,177.78 1 0
github.com/claudioed/network-fulfillment/internal/application/usecases/receive_network_demand.go:178.3,179.1 1 0
github.com/claudioed/network-fulfillment/internal/application/usecases/receive_network_demand.go:180.2,180.15 1 0
github.com/claudioed/network-fulfillment/internal/application/usecases/sweep_acknowledgement_deadlines.go:42.2,43.1 3 0
github.com/claudioed/network-fulfillment/internal/application/usecases/sweep_acknowledgement_deadlines.go:44.2,45.16 3 0
github.com/claudioed/network-fulfillment/internal/application/usecases/sweep_acknowledgement_deadlines.go:46.3,47.1 1 0
github.com/claudioed/network-fulfillment/internal/application/usecases/sweep_acknowledgement_deadlines.go:49.2,50.31 2 0
github.com/claudioed/network-fulfillment/internal/application/usecases/sweep_acknowledgement_deadlines.go:51.3,51.37 1 0
github.com/claudioed/network-fulfillment/internal/application/usecases/sweep_acknowledgement_deadlines.go:52.4,52.12 1 0
github.com/claudioed/network-fulfillment/internal/application/usecases/sweep_acknowledgement_deadlines.go:54.3,54.44 1 0
github.com/claudioed/network-fulfillment/internal/application/usecases/sweep_acknowledgement_deadlines.go:60.4,60.12 1 0
github.com/claudioed/network-fulfillment/internal/application/usecases/sweep_acknowledgement_deadlines.go:62.3,62.15 1 0
github.com/claudioed/network-fulfillment/internal/application/usecases/sweep_acknowledgement_deadlines.go:64.2,64.17 1 0
github.com/claudioed/network-fulfillment/internal/application/usecases/sweep_acknowledgement_deadlines.go:71.2,71.45 1 0
github.com/claudioed/network-fulfillment/internal/application/usecases/sweep_acknowledgement_deadlines.go:72.3,72.65 1 0
github.com/claudioed/network-fulfillment/internal/application/usecases/sweep_acknowledgement_deadlines.go:73.4,74.1 1 0
github.com/claudioed/network-fulfillment/internal/application/usecases/sweep_acknowledgement_deadlines.go:76.2,76.35 1 0
github.com/claudioed/network-fulfillment/internal/application/usecases/sweep_acknowledgement_deadlines.go:77.3,78.1 1 0
github.com/claudioed/network-fulfillment/internal/application/usecases/sweep_acknowledgement_deadlines.go:79.2,79.31 1 0
github.com/claudioed/network-fulfillment/internal/domain/networkorder/network_order.go:76.2,76.15 1 19
github.com/claudioed/network-fulfillment/internal/domain/networkorder/network_order.go:77.3,78.1 1 1
github.com/claudioed/network-fulfillment/internal/domain/networkorder/network_order.go:79.2,79.21 1 18
github.com/claudioed/network-fulfillment/internal/domain/networkorder/network_order.go:80.3,81.1 1 1
github.com/claudioed/network-fulfillment/internal/domain/networkorder/network_order.go:82.2,82.15 1 17
github.com/claudioed/network-fulfillment/internal/domain/networkorder/network_order.go:83.3,84.1 1 1
github.com/claudioed/network-fulfillment/internal/domain/networkorder/network_order.go:85.2,85.19 1 16
github.com/claudioed/network-fulfillment/internal/domain/networkorder/network_order.go:86.3,87.1 1 2
github.com/claudioed/network-fulfillment/internal/domain/networkorder/network_order.go:88.2,88.98 1 14
github.com/claudioed/network-fulfillment/internal/domain/networkorder/network_order.go:91.60,91.85 1 1
github.com/claudioed/network-fulfillment/internal/domain/networkorder/network_order.go:92.60,92.87 1 1
github.com/claudioed/network-fulfillment/internal/domain/networkorder/network_order.go:93.60,93.74 1 2
github.com/claudioed/network-fulfillment/internal/domain/networkorder/network_order.go:94.60,94.79 1 1
github.com/claudioed/network-fulfillment/internal/domain/networkorder/network_order.go:136.2,136.15 1 11
github.com/claudioed/network-fulfillment/internal/domain/networkorder/network_order.go:137.3,138.1 1 1
github.com/claudioed/network-fulfillment/internal/domain/networkorder/network_order.go:139.2,139.21 1 10
github.com/claudioed/network-fulfillment/internal/domain/networkorder/network_order.go:140.3,141.1 1 1
github.com/claudioed/network-fulfillment/internal/domain/networkorder/network_order.go:142.2,150.8 1 9
github.com/claudioed/network-fulfillment/internal/domain/networkorder/network_order.go:172.2,172.15 1 2
github.com/claudioed/network-fulfillment/internal/domain/networkorder/network_order.go:173.3,174.1 1 1
github.com/claudioed/network-fulfillment/internal/domain/networkorder/network_order.go:175.2,182.8 1 1
github.com/claudioed/network-fulfillment/internal/domain/networkorder/network_order.go:190.2,190.25 1 7
github.com/claudioed/network-fulfillment/internal/domain/networkorder/network_order.go:191.3,192.1 1 3
github.com/claudioed/network-fulfillment/internal/domain/networkorder/network_order.go:193.2,194.12 2 4
github.com/claudioed/network-fulfillment/internal/domain/networkorder/network_order.go:202.2,202.25 1 3
github.com/claudioed/network-fulfillment/internal/domain/networkorder/network_order.go:203.3,204.1 1 1
github.com/claudioed/network-fulfillment/internal/domain/networkorder/network_order.go:205.2,206.12 2 2
github.com/claudioed/network-fulfillment/internal/domain/networkorder/network_order.go:213.2,213.34 1 3
github.com/claudioed/network-fulfillment/internal/domain/networkorder/network_order.go:214.3,215.1 1 1
github.com/claudioed/network-fulfillment/internal/domain/networkorder/network_order.go:216.2,216.27 1 2
github.com/claudioed/network-fulfillment/internal/domain/networkorder/network_order.go:217.3,218.1 1 1
github.com/claudioed/network-fulfillment/internal/domain/networkorder/network_order.go:219.2,220.12 2 1
github.com/claudioed/network-fulfillment/internal/domain/networkorder/network_order.go:226.2,226.34 1 2
github.com/claudioed/network-fulfillment/internal/domain/networkorder/network_order.go:227.3,228.1 1 1
github.com/claudioed/network-fulfillment/internal/domain/networkorder/network_order.go:229.2,230.12 2 1
github.com/claudioed/network-fulfillment/internal/domain/networkorder/network_order.go:237.2,238.1 1 3
github.com/claudioed/network-fulfillment/internal/domain/networkorder/network_order.go:246.2,247.28 2 1
github.com/claudioed/network-fulfillment/internal/domain/networkorder/network_order.go:248.3,249.1 1 3
github.com/claudioed/network-fulfillment/internal/domain/networkorder/network_order.go:250.2,250.12 1 1
github.com/claudioed/network-fulfillment/internal/domain/networkorder/network_order.go:253.57,253.78 1 1
github.com/claudioed/network-fulfillment/internal/domain/networkorder/network_order.go:254.57,254.74 1 1
github.com/claudioed/network-fulfillment/internal/domain/networkorder/network_order.go:255.57,255.82 1 1
github.com/claudioed/network-fulfillment/internal/domain/networkorder/network_order.go:256.57,256.81 1 3
github.com/claudioed/network-fulfillment/internal/domain/networkorder/network_order.go:257.57,257.73 1 3
github.com/claudioed/network-fulfillment/internal/domain/networkorder/network_order.go:258.57,258.78 1 1
github.com/claudioed/network-fulfillment/internal/domain/networkorder/network_order.go:260.2,261.1 1 3
github.com/claudioed/network-fulfillment/internal/domain/networkorder/network_order.go:267.2,270.1 3 4
github.com/claudioed/network-fulfillment/internal/domain/networkorder/network_order.go:283.2,292.1 1 1
github.com/claudioed/network-fulfillment/internal/application/usecases/receive_network_demand.go:53.2,54.1 2 0
github.com/claudioed/network-fulfillment/internal/application/usecases/receive_network_demand.go:60.2,60.78 2 0
github.com/claudioed/network-fulfillment/internal/application/usecases/receive_network_demand.go:61.3,62.1 1 0
github.com/claudioed/network-fulfillment/internal/application/usecases/receive_network_demand.go:62.9,62.28 1 0
github.com/claudioed/network-fulfillment/internal/application/usecases/receive_network_demand.go:63.3,64.1 1 0
github.com/claudioed/network-fulfillment/internal/application/usecases/receive_network_demand.go:66.2,67.1 2 0
github.com/claudioed/network-fulfillment/internal/application/usecases/receive_network_demand.go:72.2,72.27 2 0
github.com/claudioed/network-fulfillment/internal/application/usecases/receive_network_demand.go:73.3,73.59 1 0
github.com/claudioed/network-fulfillment/internal/application/usecases/receive_network_demand.go:74.4,75.1 1 0
github.com/claudioed/network-fulfillment/internal/application/usecases/receive_network_demand.go:76.3,76.51 1 0
github.com/claudioed/network-fulfillment/internal/application/usecases/receive_network_demand.go:79.2,80.16 2 0
github.com/claudioed/network-fulfillment/internal/application/usecases/receive_network_demand.go:81.3,82.1 1 0
github.com/claudioed/network-fulfillment/internal/application/usecases/receive_network_demand.go:84.2,89.16 2 0
github.com/claudioed/network-fulfillment/internal/application/usecases/receive_network_demand.go:90.3,91.1 1 0
github.com/claudioed/network-fulfillment/internal/application/usecases/receive_network_demand.go:93.2,93.22 1 0
github.com/claudioed/network-fulfillment/internal/application/usecases/receive_network_demand.go:94.3,95.1 1 0
github.com/claudioed/network-fulfillment/internal/application/usecases/receive_network_demand.go:96.2,96.39 1 0
github.com/claudioed/network-fulfillment/internal/application/usecases/receive_network_demand.go:102.2,103.33 2 0
github.com/claudioed/network-fulfillment/internal/application/usecases/receive_network_demand.go:104.3,105.17 2 0
github.com/claudioed/network-fulfillment/internal/application/usecases/receive_network_demand.go:106.4,107.1 1 0
github.com/claudioed/network-fulfillment/internal/application/usecases/receive_network_demand.go:108.3,109.17 2 0
github.com/claudioed/network-fulfillment/internal/application/usecases/receive_network_demand.go:110.4,111.1 1 0
github.com/claudioed/network-fulfillment/internal/application/usecases/receive_network_demand.go:112.3,112.30 1 0
github.com/claudioed/network-fulfillment/internal/application/usecases/receive_network_demand.go:114.2,114.19 1 0
github.com/claudioed/network-fulfillment/internal/application/usecases/receive_network_demand.go:122.2,123.16 2 0
github.com/claudioed/network-fulfillment/internal/application/usecases/receive_network_demand.go:124.3,125.1 1 0
github.com/claudioed/network-fulfillment/internal/application/usecases/receive_network_demand.go:126.2,126.31 1 0
github.com/claudioed/network-fulfillment/internal/application/usecases/receive_network_demand.go:138.2,138.18 1 0
github.com/claudioed/network-fulfillment/internal/application/usecases/receive_network_demand.go:139.3,139.65 1 0
github.com/claudioed/network-fulfillment/internal/application/usecases/receive_network_demand.go:140.4,141.1 1 0
github.com/claudioed/network-fulfillment/internal/application/usecases/receive_network_demand.go:143.2,143.35 1 0
github.com/claudioed/network-fulfillment/internal/application/usecases/receive_network_demand.go:144.3,145.1 1 0
github.com/claudioed/network-fulfillment/internal/application/usecases/receive_network_demand.go:146.2,146.47 1 0
github.com/claudioed/network-fulfillment/internal/application/usecases/receive_network_demand.go:147.3,148.1 1 0
github.com/claudioed/network-fulfillment/internal/application/usecases/receive_network_demand.go:149.2,149.85 1 0
github.com/claudioed/network-fulfillment/internal/application/usecases/receive_network_demand.go:150.3,151.1 1 0
github.com/claudioed/network-fulfillment/internal/application/usecases/receive_network_demand.go:152.2,152.15 1 0
github.com/claudioed/network-fulfillment/internal/application/usecases/receive_network_demand.go:165.2,165.40 1 0
github.com/claudioed/network-fulfillment/internal/application/usecases/receive_network_demand.go:166.3,167.1 1 0
github.com/claudioed/network-fulfillment/internal/application/usecases/receive_network_demand.go:168.2,168.62 1 0
github.com/claudioed/network-fulfillment/internal/application/usecases/receive_network_demand.go:169.3,170.1 1 0
github.com/claudioed/network-fulfillment/internal/application/usecases/receive_network_demand.go:171.2,171.47 1 0
github.com/claudioed/network-fulfillment/internal/application/usecases/receive_network_demand.go:172.3,173.1 1 0
github.com/claudioed/network-fulfillment/internal/application/usecases/receive_network_demand.go:174.2,174.84 1 0
github.com/claudioed/network-fulfillment/internal/application/usecases/receive_network_demand.go:175.3,176.1 1 0
github.com/claudioed/network-fulfillment/internal/application/usecases/receive_network_demand.go:177.2,177.78 1 0
github.com/claudioed/network-fulfillment/internal/application/usecases/receive_network_demand.go:178.3,179.1 1 0
github.com/claudioed/network-fulfillment/internal/application/usecases/receive_network_demand.go:180.2,180.15 1 0
github.com/claudioed/network-fulfillment/internal/application/usecases/sweep_acknowledgement_deadlines.go:42.2,43.1 3 0
github.com/claudioed/network-fulfillment/internal/application/usecases/sweep_acknowledgement_deadlines.go:44.2,45.16 3 0
github.com/claudioed/network-fulfillment/internal/application/usecases/sweep_acknowledgement_deadlines.go:46.3,47.1 1 0
github.com/claudioed/network-fulfillment/internal/application/usecases/sweep_acknowledgement_deadlines.go:49.2,50.31 2 0
github.com/claudioed/network-fulfillment/internal/application/usecases/sweep_acknowledgement_deadlines.go:51.3,51.37 1 0
github.com/claudioed/network-fulfillment/internal/application/usecases/sweep_acknowledgement_deadlines.go:52.4,52.12 1 0
github.com/claudioed/network-fulfillment/internal/application/usecases/sweep_acknowledgement_deadlines.go:54.3,54.44 1 0
github.com/claudioed/network-fulfillment/internal/application/usecases/sweep_acknowledgement_deadlines.go:60.4,60.12 1 0
github.com/claudioed/network-fulfillment/internal/application/usecases/sweep_acknowledgement_deadlines.go:62.3,62.15 1 0
github.com/claudioed/network-fulfillment/internal/application/usecases/sweep_acknowledgement_deadlines.go:64.2,64.17 1 0
github.com/claudioed/network-fulfillment/internal/application/usecases/sweep_acknowledgement_deadlines.go:71.2,71.45 1 0
github.com/claudioed/network-fulfillment/internal/application/usecases/sweep_acknowledgement_deadlines.go:72.3,72.65 1 0
github.com/claudioed/network-fulfillment/internal/application/usecases/sweep_acknowledgement_deadlines.go:73.4,74.1 1 0
github.com/claudioed/network-fulfillment/internal/application/usecases/sweep_acknowledgement_deadlines.go:76.2,76.35 1 0
github.com/claudioed/network-fulfillment/internal/application/usecases/sweep_acknowledgement_deadlines.go:77.3,78.1 1 0
github.com/claudioed/network-fulfillment/internal/application/usecases/sweep_acknowledgement_deadlines.go:79.2,79.31 1 0
github.com/claudioed/network-fulfillment/internal/domain/networkorder/network_order.go:76.2,76.15 1 0
github.com/claudioed/network-fulfillment/internal/domain/networkorder/network_order.go:77.3,78.1 1 0
github.com/claudioed/network-fulfillment/internal/domain/networkorder/network_order.go:79.2,79.21 1 0
github.com/claudioed/network-fulfillment/internal/domain/networkorder/network_order.go:80.3,81.1 1 0
github.com/claudioed/network-fulfillment/internal/domain/networkorder/network_order.go:82.2,82.15 1 0
github.com/claudioed/network-fulfillment/internal/domain/networkorder/network_order.go:83.3,84.1 1 0
github.com/claudioed/network-fulfillment/internal/domain/networkorder/network_order.go:85.2,85.19 1 0
github.com/claudioed/network-fulfillment/internal/domain/networkorder/network_order.go:86.3,87.1 1 0
github.com/claudioed/network-fulfillment/internal/domain/networkorder/network_order.go:88.2,88.98 1 0
github.com/claudioed/network-fulfillment/internal/domain/networkorder/network_order.go:91.60,91.85 1 0
github.com/claudioed/network-fulfillment/internal/domain/networkorder/network_order.go:92.60,92.87 1 0
github.com/claudioed/network-fulfillment/internal/domain/networkorder/network_order.go:93.60,93.74 1 0
github.com/claudioed/network-fulfillment/internal/domain/networkorder/network_order.go:94.60,94.79 1 0
github.com/claudioed/network-fulfillment/internal/domain/networkorder/network_order.go:136.2,136.15 1 0
github.com/claudioed/network-fulfillment/internal/domain/networkorder/network_order.go:137.3,138.1 1 0
github.com/claudioed/network-fulfillment/internal/domain/networkorder/network_order.go:139.2,139.21 1 0
github.com/claudioed/network-fulfillment/internal/domain/networkorder/network_order.go:140.3,141.1 1 0
github.com/claudioed/network-fulfillment/internal/domain/networkorder/network_order.go:142.2,150.8 1 0
github.com/claudioed/network-fulfillment/internal/domain/networkorder/network_order.go:172.2,172.15 1 0
github.com/claudioed/network-fulfillment/internal/domain/networkorder/network_order.go:173.3,174.1 1 0
github.com/claudioed/network-fulfillment/internal/domain/networkorder/network_order.go:175.2,182.8 1 0
github.com/claudioed/network-fulfillment/internal/domain/networkorder/network_order.go:190.2,190.25 1 0
github.com/claudioed/network-fulfillment/internal/domain/networkorder/network_order.go:191.3,192.1 1 0
github.com/claudioed/network-fulfillment/internal/domain/networkorder/network_order.go:193.2,194.12 2 0
github.com/claudioed/network-fulfillment/internal/domain/networkorder/network_order.go:202.2,202.25 1 0
github.com/claudioed/network-fulfillment/internal/domain/networkorder/network_order.go:203.3,204.1 1 0
github.com/claudioed/network-fulfillment/internal/domain/networkorder/network_order.go:205.2,206.12 2 0
github.com/claudioed/network-fulfillment/internal/domain/networkorder/network_order.go:213.2,213.34 1 0
github.com/claudioed/network-fulfillment/internal/domain/networkorder/network_order.go:214.3,215.1 1 0
github.com/claudioed/network-fulfillment/internal/domain/networkorder/network_order.go:216.2,216.27 1 0
github.com/claudioed/network-fulfillment/internal/domain/networkorder/network_order.go:217.3,218.1 1 0
github.com/claudioed/network-fulfillment/internal/domain/networkorder/network_order.go:219.2,220.12 2 0
github.com/claudioed/network-fulfillment/internal/domain/networkorder/network_order.go:226.2,226.34 1 0
github.com/claudioed/network-fulfillment/internal/domain/networkorder/network_order.go:227.3,228.1 1 0
github.com/claudioed/network-fulfillment/internal/domain/networkorder/network_order.go:229.2,230.12 2 0
github.com/claudioed/network-fulfillment/internal/domain/networkorder/network_order.go:237.2,238.1 1 0
github.com/claudioed/network-fulfillment/internal/domain/networkorder/network_order.go:246.2,247.28 2 0
github.com/claudioed/network-fulfillment/internal/domain/networkorder/network_order.go:248.3,249.1 1 0
github.com/claudioed/network-fulfillment/internal/domain/networkorder/network_order.go:250.2,250.12 1 0
github.com/claudioed/network-fulfillment/internal/domain/networkorder/network_order.go:253.57,253.78 1 0
github.com/claudioed/network-fulfillment/internal/domain/networkorder/network_order.go:254.57,254.74 1 0
github.com/claudioed/network-fulfillment/internal/domain/networkorder/network_order.go:255.57,255.82 1 0
github.com/claudioed/network-fulfillment/internal/domain/networkorder/network_order.go:256.57,256.81 1 0
github.com/claudioed/network-fulfillment/internal/domain/networkorder/network_order.go:257.57,257.73 1 0
github.com/claudioed/network-fulfillment/internal/domain/networkorder/network_order.go:258.57,258.78 1 0
github.com/claudioed/network-fulfillment/internal/domain/networkorder/network_order.go:260.2,261.1 1 0
github.com/claudioed/network-fulfillment/internal/domain/networkorder/network_order.go:267.2,270.1 3 0
github.com/claudioed/network-fulfillment/internal/domain/networkorder/network_order.go:283.2,292.1 1 0
github.com/claudioed/network-fulfillment/internal/application/usecases/receive_network_demand.go:53.2,54.1 2 0
github.com/claudioed/network-fulfillment/internal/application/usecases/receive_network_demand.go:60.2,60.78 2 0
github.com/claudioed/network-fulfillment/internal/application/usecases/receive_network_demand.go:61.3,62.1 1 0
github.com/claudioed/network-fulfillment/internal/application/usecases/receive_network_demand.go:62.9,62.28 1 0
github.com/claudioed/network-fulfillment/internal/application/usecases/receive_network_demand.go:63.3,64.1 1 0
github.com/claudioed/network-fulfillment/internal/application/usecases/receive_network_demand.go:66.2,67.1 2 0
github.com/claudioed/network-fulfillment/internal/application/usecases/receive_network_demand.go:72.2,72.27 2 0
github.com/claudioed/network-fulfillment/internal/application/usecases/receive_network_demand.go:73.3,73.59 1 0
github.com/claudioed/network-fulfillment/internal/application/usecases/receive_network_demand.go:74.4,75.1 1 0
github.com/claudioed/network-fulfillment/internal/application/usecases/receive_network_demand.go:76.3,76.51 1 0
github.com/claudioed/network-fulfillment/internal/application/usecases/receive_network_demand.go:79.2,80.16 2 0
github.com/claudioed/network-fulfillment/internal/application/usecases/receive_network_demand.go:81.3,82.1 1 0
github.com/claudioed/network-fulfillment/internal/application/usecases/receive_network_demand.go:84.2,89.16 2 0
github.com/claudioed/network-fulfillment/internal/application/usecases/receive_network_demand.go:90.3,91.1 1 0
github.com/claudioed/network-fulfillment/internal/application/usecases/receive_network_demand.go:93.2,93.22 1 0
github.com/claudioed/network-fulfillment/internal/application/usecases/receive_network_demand.go:94.3,95.1 1 0
github.com/claudioed/network-fulfillment/internal/application/usecases/receive_network_demand.go:96.2,96.39 1 0
github.com/claudioed/network-fulfillment/internal/application/usecases/receive_network_demand.go:102.2,103.33 2 0
github.com/claudioed/network-fulfillment/internal/application/usecases/receive_network_demand.go:104.3,105.17 2 0
github.com/claudioed/network-fulfillment/internal/application/usecases/receive_network_demand.go:106.4,107.1 1 0
github.com/claudioed/network-fulfillment/internal/application/usecases/receive_network_demand.go:108.3,109.17 2 0
github.com/claudioed/network-fulfillment/internal/application/usecases/receive_network_demand.go:110.4,111.1 1 0
github.com/claudioed/network-fulfillment/internal/application/usecases/receive_network_demand.go:112.3,112.30 1 0
github.com/claudioed/network-fulfillment/internal/application/usecases/receive_network_demand.go:114.2,114.19 1 0
github.com/claudioed/network-fulfillment/internal/application/usecases/receive_network_demand.go:122.2,123.16 2 0
github.com/claudioed/network-fulfillment/internal/application/usecases/receive_network_demand.go:124.3,125.1 1 0
github.com/claudioed/network-fulfillment/internal/application/usecases/receive_network_demand.go:126.2,126.31 1 0
github.com/claudioed/network-fulfillment/internal/application/usecases/receive_network_demand.go:138.2,138.18 1 0
github.com/claudioed/network-fulfillment/internal/application/usecases/receive_network_demand.go:139.3,139.65 1 0
github.com/claudioed/network-fulfillment/internal/application/usecases/receive_network_demand.go:140.4,141.1 1 0
github.com/claudioed/network-fulfillment/internal/application/usecases/receive_network_demand.go:143.2,143.35 1 0
github.com/claudioed/network-fulfillment/internal/application/usecases/receive_network_demand.go:144.3,145.1 1 0
github.com/claudioed/network-fulfillment/internal/application/usecases/receive_network_demand.go:146.2,146.47 1 0
github.com/claudioed/network-fulfillment/internal/application/usecases/receive_network_demand.go:147.3,148.1 1 0
github.com/claudioed/network-fulfillment/internal/application/usecases/receive_network_demand.go:149.2,149.85 1 0
github.com/claudioed/network-fulfillment/internal/application/usecases/receive_network_demand.go:150.3,151.1 1 0
github.com/claudioed/network-fulfillment/internal/application/usecases/receive_network_demand.go:152.2,152.15 1 0
github.com/claudioed/network-fulfillment/internal/application/usecases/receive_network_demand.go:165.2,165.40 1 0
github.com/claudioed/network-fulfillment/internal/application/usecases/receive_network_demand.go:166.3,167.1 1 0
github.com/claudioed/network-fulfillment/internal/application/usecases/receive_network_demand.go:168.2,168.62 1 0
github.com/claudioed/network-fulfillment/internal/application/usecases/receive_network_demand.go:169.3,170.1 1 0
github.com/claudioed/network-fulfillment/internal/application/usecases/receive_network_demand.go:171.2,171.47 1 0
github.com/claudioed/network-fulfillment/internal/application/usecases/receive_network_demand.go:172.3,173.1 1 0
github.com/claudioed/network-fulfillment/internal/application/usecases/receive_network_demand.go:174.2,174.84 1 0
github.com/claudioed/network-fulfillment/internal/application/usecases/receive_network_demand.go:175.3,176.1 1 0
github.com/claudioed/network-fulfillment/internal/application/usecases/receive_network_demand.go:177.2,177.78 1 0
github.com/claudioed/network-fulfillment/internal/application/usecases/receive_network_demand.go:178.3,179.1 1 0
github.com/claudioed/network-fulfillment/internal/application/usecases/receive_network_demand.go:180.2,180.15 1 0
github.com/claudioed/network-fulfillment/internal/application/usecases/sweep_acknowledgement_deadlines.go:42.2,43.1 3 0
github.com/claudioed/network-fulfillment/internal/application/usecases/sweep_acknowledgement_deadlines.go:44.2,45.16 3 0
github.com/claudioed/network-fulfillment/internal/application/usecases/sweep_acknowledgement_deadlines.go:46.3,47.1 1 0
github.com/claudioed/network-fulfillment/internal/application/usecases/sweep_acknowledgement_deadlines.go:49.2,50.31 2 0
github.com/claudioed/network-fulfillment/internal/application/usecases/sweep_acknowledgement_deadlines.go:51.3,51.37 1 0
github.com/claudioed/network-fulfillment/internal/application/usecases/sweep_acknowledgement_deadlines.go:52.4,52.12 1 0
github.com/claudioed/network-fulfillment/internal/application/usecases/sweep_acknowledgement_deadlines.go:54.3,54.44 1 0
github.com/claudioed/network-fulfillment/internal/application/usecases/sweep_acknowledgement_deadlines.go:60.4,60.12 1 0
github.com/claudioed/network-fulfillment/internal/application/usecases/sweep_acknowledgement_deadlines.go:62.3,62.15 1 0
github.com/claudioed/network-fulfillment/internal/application/usecases/sweep_acknowledgement_deadlines.go:64.2,64.17 1 0
github.com/claudioed/network-fulfillment/internal/application/usecases/sweep_acknowledgement_deadlines.go:71.2,71.45 1 0
github.com/claudioed/network-fulfillment/internal/application/usecases/sweep_acknowledgement_deadlines.go:72.3,72.65 1 0
github.com/claudioed/network-fulfillment/internal/application/usecases/sweep_acknowledgement_deadlines.go:73.4,74.1 1 0
github.com/claudioed/network-fulfillment/internal/application/usecases/sweep_acknowledgement_deadlines.go:76.2,76.35 1 0
github.com/claudioed/network-fulfillment/internal/application/usecases/sweep_acknowledgement_deadlines.go:77.3,78.1 1 0
github.com/claudioed/network-fulfillment/internal/application/usecases/sweep_acknowledgement_deadlines.go:79.2,79.31 1 0
github.com/claudioed/network-fulfillment/internal/domain/networkorder/network_order.go:76.2,76.15 1 0
github.com/claudioed/network-fulfillment/internal/domain/networkorder/network_order.go:77.3,78.1 1 0
github.com/claudioed/network-fulfillment/internal/domain/networkorder/network_order.go:79.2,79.21 1 0
github.com/claudioed/network-fulfillment/internal/domain/networkorder/network_order.go:80.3,81.1 1 0
github.com/claudioed/network-fulfillment/internal/domain/networkorder/network_order.go:82.2,82.15 1 0
github.com/claudioed/network-fulfillment/internal/domain/networkorder/network_order.go:83.3,84.1 1 0
github.com/claudioed/network-fulfillment/internal/domain/networkorder/network_order.go:85.2,85.19 1 0
github.com/claudioed/network-fulfillment/internal/domain/networkorder/network_order.go:86.3,87.1 1 0
github.com/claudioed/network-fulfillment/internal/domain/networkorder/network_order.go:88.2,88.98 1 0
github.com/claudioed/network-fulfillment/internal/domain/networkorder/network_order.go:91.60,91.85 1 0
github.com/claudioed/network-fulfillment/internal/domain/networkorder/network_order.go:92.60,92.87 1 0
github.com/claudioed/network-fulfillment/internal/domain/networkorder/network_order.go:93.60,93.74 1 0
github.com/claudioed/network-fulfillment/internal/domain/networkorder/network_order.go:94.60,94.79 1 0
github.com/claudioed/network-fulfillment/internal/domain/networkorder/network_order.go:136.2,136.15 1 0
github.com/claudioed/network-fulfillment/internal/domain/networkorder/network_order.go:137.3,138.1 1 0
github.com/claudioed/network-fulfillment/internal/domain/networkorder/network_order.go:139.2,139.21 1 0
github.com/claudioed/network-fulfillment/internal/domain/networkorder/network_order.go:140.3,141.1 1 0
github.com/claudioed/network-fulfillment/internal/domain/networkorder/network_order.go:142.2,150.8 1 0
github.com/claudioed/network-fulfillment/internal/domain/networkorder/network_order.go:172.2,172.15 1 0
github.com/claudioed/network-fulfillment/internal/domain/networkorder/network_order.go:173.3,174.1 1 0
github.com/claudioed/network-fulfillment/internal/domain/networkorder/network_order.go:175.2,182.8 1 0
github.com/claudioed/network-fulfillment/internal/domain/networkorder/network_order.go:190.2,190.25 1 0
github.com/claudioed/network-fulfillment/internal/domain/networkorder/network_order.go:191.3,192.1 1 0
github.com/claudioed/network-fulfillment/internal/domain/networkorder/network_order.go:193.2,194.12 2 0
github.com/claudioed/network-fulfillment/internal/domain/networkorder/network_order.go:202.2,202.25 1 0
github.com/claudioed/network-fulfillment/internal/domain/networkorder/network_order.go:203.3,204.1 1 0
github.com/claudioed/network-fulfillment/internal/domain/networkorder/network_order.go:205.2,206.12 2 0
github.com/claudioed/network-fulfillment/internal/domain/networkorder/network_order.go:213.2,213.34 1 0
github.com/claudioed/network-fulfillment/internal/domain/networkorder/network_order.go:214.3,215.1 1 0
github.com/claudioed/network-fulfillment/internal/domain/networkorder/network_order.go:216.2,216.27 1 0
github.com/claudioed/network-fulfillment/internal/domain/networkorder/network_order.go:217.3,218.1 1 0
github.com/claudioed/network-fulfillment/internal/domain/networkorder/network_order.go:219.2,220.12 2 0
github.com/claudioed/network-fulfillment/internal/domain/networkorder/network_order.go:226.2,226.34 1 0
github.com/claudioed/network-fulfillment/internal/domain/networkorder/network_order.go:227.3,228.1 1 0
github.com/claudioed/network-fulfillment/internal/domain/networkorder/network_order.go:229.2,230.12 2 0
github.com/claudioed/network-fulfillment/internal/domain/networkorder/network_order.go:237.2,238.1 1 0
github.com/claudioed/network-fulfillment/internal/domain/networkorder/network_order.go:246.2,247.28 2 0
github.com/claudioed/network-fulfillment/internal/domain/networkorder/network_order.go:248.3,249.1 1 0
github.com/claudioed/network-fulfillment/internal/domain/networkorder/network_order.go:250.2,250.12 1 0
github.com/claudioed/network-fulfillment/internal/domain/networkorder/network_order.go:253.57,253.78 1 0
github.com/claudioed/network-fulfillment/internal/domain/networkorder/network_order.go:254.57,254.74 1 0
github.com/claudioed/network-fulfillment/internal/domain/networkorder/network_order.go:255.57,255.82 1 0
github.com/claudioed/network-fulfillment/internal/domain/networkorder/network_order.go:256.57,256.81 1 0
github.com/claudioed/network-fulfillment/internal/domain/networkorder/network_order.go:257.57,257.73 1 0
github.com/claudioed/network-fulfillment/internal/domain/networkorder/network_order.go:258.57,258.78 1 0
github.com/claudioed/network-fulfillment/internal/domain/networkorder/network_order.go:260.2,261.1 1 0
github.com/claudioed/network-fulfillment/internal/domain/networkorder/network_order.go:267.2,270.1 3 0
github.com/claudioed/network-fulfillment/internal/domain/networkorder/network_order.go:283.2,292.1 1 0
github.com/claudioed/network-fulfillment/internal/application/usecases/receive_network_demand.go:53.2,54.1 2 0
github.com/claudioed/network-fulfillment/internal/application/usecases/receive_network_demand.go:60.2,60.78 2 0
github.com/claudioed/network-fulfillment/internal/application/usecases/receive_network_demand.go:61.3,62.1 1 0
github.com/claudioed/network-fulfillment/internal/application/usecases/receive_network_demand.go:62.9,62.28 1 0
github.com/claudioed/network-fulfillment/internal/application/usecases/receive_network_demand.go:63.3,64.1 1 0
github.com/claudioed/network-fulfillment/internal/application/usecases/receive_network_demand.go:66.2,67.1 2 0
github.com/claudioed/network-fulfillment/internal/application/usecases/receive_network_demand.go:72.2,72.27 2 0
github.com/claudioed/network-fulfillment/internal/application/usecases/receive_network_demand.go:73.3,73.59 1 0
github.com/claudioed/network-fulfillment/internal/application/usecases/receive_network_demand.go:74.4,75.1 1 0
github.com/claudioed/network-fulfillment/internal/application/usecases/receive_network_demand.go:76.3,76.51 1 0
github.com/claudioed/network-fulfillment/internal/application/usecases/receive_network_demand.go:79.2,80.16 2 0
github.com/claudioed/network-fulfillment/internal/application/usecases/receive_network_demand.go:81.3,82.1 1 0
github.com/claudioed/network-fulfillment/internal/application/usecases/receive_network_demand.go:84.2,89.16 2 0
github.com/claudioed/network-fulfillment/internal/application/usecases/receive_network_demand.go:90.3,91.1 1 0
github.com/claudioed/network-fulfillment/internal/application/usecases/receive_network_demand.go:93.2,93.22 1 0
github.com/claudioed/network-fulfillment/internal/application/usecases/receive_network_demand.go:94.3,95.1 1 0
github.com/claudioed/network-fulfillment/internal/application/usecases/receive_network_demand.go:96.2,96.39 1 0
github.com/claudioed/network-fulfillment/internal/application/usecases/receive_network_demand.go:102.2,103.33 2 0
github.com/claudioed/network-fulfillment/internal/application/usecases/receive_network_demand.go:104.3,105.17 2 0
github.com/claudioed/network-fulfillment/internal/application/usecases/receive_network_demand.go:106.4,107.1 1 0
github.com/claudioed/network-fulfillment/internal/application/usecases/receive_network_demand.go:108.3,109.17 2 0
github.com/claudioed/network-fulfillment/internal/application/usecases/receive_network_demand.go:110.4,111.1 1 0
github.com/claudioed/network-fulfillment/internal/application/usecases/receive_network_demand.go:112.3,112.30 1 0
github.com/claudioed/network-fulfillment/internal/application/usecases/receive_network_demand.go:114.2,114.19 1 0
github.com/claudioed/network-fulfillment/internal/application/usecases/receive_network_demand.go:122.2,123.16 2 0
github.com/claudioed/network-fulfillment/internal/application/usecases/receive_network_demand.go:124.3,125.1 1 0
github.com/claudioed/network-fulfillment/internal/application/usecases/receive_network_demand.go:126.2,126.31 1 0
github.com/claudioed/network-fulfillment/internal/application/usecases/receive_network_demand.go:138.2,138.18 1 0
github.com/claudioed/network-fulfillment/internal/application/usecases/receive_network_demand.go:139.3,139.65 1 0
github.com/claudioed/network-fulfillment/internal/application/usecases/receive_network_demand.go:140.4,141.1 1 0
github.com/claudioed/network-fulfillment/internal/application/usecases/receive_network_demand.go:143.2,143.35 1 0
github.com/claudioed/network-fulfillment/internal/application/usecases/receive_network_demand.go:144.3,145.1 1 0
github.com/claudioed/network-fulfillment/internal/application/usecases/receive_network_demand.go:146.2,146.47 1 0
github.com/claudioed/network-fulfillment/internal/application/usecases/receive_network_demand.go:147.3,148.1 1 0
github.com/claudioed/network-fulfillment/internal/application/usecases/receive_network_demand.go:149.2,149.85 1 0
github.com/claudioed/network-fulfillment/internal/application/usecases/receive_network_demand.go:150.3,151.1 1 0
github.com/claudioed/network-fulfillment/internal/application/usecases/receive_network_demand.go:152.2,152.15 1 0
github.com/claudioed/network-fulfillment/internal/application/usecases/receive_network_demand.go:165.2,165.40 1 0
github.com/claudioed/network-fulfillment/internal/application/usecases/receive_network_demand.go:166.3,167.1 1 0
github.com/claudioed/network-fulfillment/internal/application/usecases/receive_network_demand.go:168.2,168.62 1 0
github.com/claudioed/network-fulfillment/internal/application/usecases/receive_network_demand.go:169.3,170.1 1 0
github.com/claudioed/network-fulfillment/internal/application/usecases/receive_network_demand.go:171.2,171.47 1 0
github.com/claudioed/network-fulfillment/internal/application/usecases/receive_network_demand.go:172.3,173.1 1 0
github.com/claudioed/network-fulfillment/internal/application/usecases/receive_network_demand.go:174.2,174.84 1 0
github.com/claudioed/network-fulfillment/internal/application/usecases/receive_network_demand.go:175.3,176.1 1 0
github.com/claudioed/network-fulfillment/internal/application/usecases/receive_network_demand.go:177.2,177.78 1 0
github.com/claudioed/network-fulfillment/internal/application/usecases/receive_network_demand.go:178.3,179.1 1 0
github.com/claudioed/network-fulfillment/internal/application/usecases/receive_network_demand.go:180.2,180.15 1 0
github.com/claudioed/network-fulfillment/internal/application/usecases/sweep_acknowledgement_deadlines.go:42.2,43.1 3 0
github.com/claudioed/network-fulfillment/internal/application/usecases/sweep_acknowledgement_deadlines.go:44.2,45.16 3 0
github.com/claudioed/network-fulfillment/internal/application/usecases/sweep_acknowledgement_deadlines.go:46.3,47.1 1 0
github.com/claudioed/network-fulfillment/internal/application/usecases/sweep_acknowledgement_deadlines.go:49.2,50.31 2 0
github.com/claudioed/network-fulfillment/internal/application/usecases/sweep_acknowledgement_deadlines.go:51.3,51.37 1 0
github.com/claudioed/network-fulfillment/internal/application/usecases/sweep_acknowledgement_deadlines.go:52.4,52.12 1 0
github.com/claudioed/network-fulfillment/internal/application/usecases/sweep_acknowledgement_deadlines.go:54.3,54.44 1 0
github.com/claudioed/network-fulfillment/internal/application/usecases/sweep_acknowledgement_deadlines.go:60.4,60.12 1 0
github.com/claudioed/network-fulfillment/internal/application/usecases/sweep_acknowledgement_deadlines.go:62.3,62.15 1 0
github.com/claudioed/network-fulfillment/internal/application/usecases/sweep_acknowledgement_deadlines.go:64.2,64.17 1 0
github.com/claudioed/network-fulfillment/internal/application/usecases/sweep_acknowledgement_deadlines.go:71.2,71.45 1 0
github.com/claudioed/network-fulfillment/internal/application/usecases/sweep_acknowledgement_deadlines.go:72.3,72.65 1 0
github.com/claudioed/network-fulfillment/internal/application/usecases/sweep_acknowledgement_deadlines.go:73.4,74.1 1 0
github.com/claudioed/network-fulfillment/internal/application/usecases/sweep_acknowledgement_deadlines.go:76.2,76.35 1 0
github.com/claudioed/network-fulfillment/internal/application/usecases/sweep_acknowledgement_deadlines.go:77.3,78.1 1 0
github.com/claudioed/network-fulfillment/internal/application/usecases/sweep_acknowledgement_deadlines.go:79.2,79.31 1 0
github.com/claudioed/network-fulfillment/internal/domain/networkorder/network_order.go:76.2,76.15 1 0
github.com/claudioed/network-fulfillment/internal/domain/networkorder/network_order.go:77.3,78.1 1 0
github.com/claudioed/network-fulfillment/internal/domain/networkorder/network_order.go:79.2,79.21 1 0
github.com/claudioed/network-fulfillment/internal/domain/networkorder/network_order.go:80.3,81.1 1 0
github.com/claudioed/network-fulfillment/internal/domain/networkorder/network_order.go:82.2,82.15 1 0
github.com/claudioed/network-fulfillment/internal/domain/networkorder/network_order.go:83.3,84.1 1 0
github.com/claudioed/network-fulfillment/internal/domain/networkorder/network_order.go:85.2,85.19 1 0
github.com/claudioed/network-fulfillment/internal/domain/networkorder/network_order.go:86.3,87.1 1 0
github.com/claudioed/network-fulfillment/internal/domain/networkorder/network_order.go:88.2,88.98 1 0
github.com/claudioed/network-fulfillment/internal/domain/networkorder/network_order.go:91.60,91.85 1 0
github.com/claudioed/network-fulfillment/internal/domain/networkorder/network_order.go:92.60,92.87 1 0
github.com/claudioed/network-fulfillment/internal/domain/networkorder/network_order.go:93.60,93.74 1 0
github.com/claudioed/network-fulfillment/internal/domain/networkorder/network_order.go:94.60,94.79 1 0
github.com/claudioed/network-fulfillment/internal/domain/networkorder/network_order.go:136.2,136.15 1 0
github.com/claudioed/network-fulfillment/internal/domain/networkorder/network_order.go:137.3,138.1 1 0
github.com/claudioed/network-fulfillment/internal/domain/networkorder/network_order.go:139.2,139.21 1 0
github.com/claudioed/network-fulfillment/internal/domain/networkorder/network_order.go:140.3,141.1 1 0
github.com/claudioed/network-fulfillment/internal/domain/networkorder/network_order.go:142.2,150.8 1 0
github.com/claudioed/network-fulfillment/internal/domain/networkorder/network_order.go:172.2,172.15 1 0
github.com/claudioed/network-fulfillment/internal/domain/networkorder/network_order.go:173.3,174.1 1 0
github.com/claudioed/network-fulfillment/internal/domain/networkorder/network_order.go:175.2,182.8 1 0
github.com/claudioed/network-fulfillment/internal/domain/networkorder/network_order.go:190.2,190.25 1 0
github.com/claudioed/network-fulfillment/internal/domain/networkorder/network_order.go:191.3,192.1 1 0
github.com/claudioed/network-fulfillment/internal/domain/networkorder/network_order.go:193.2,194.12 2 0
github.com/claudioed/network-fulfillment/internal/domain/networkorder/network_order.go:202.2,202.25 1 0
github.com/claudioed/network-fulfillment/internal/domain/networkorder/network_order.go:203.3,204.1 1 0
github.com/claudioed/network-fulfillment/internal/domain/networkorder/network_order.go:205.2,206.12 2 0
github.com/claudioed/network-fulfillment/internal/domain/networkorder/network_order.go:213.2,213.34 1 0
github.com/claudioed/network-fulfillment/internal/domain/networkorder/network_order.go:214.3,215.1 1 0
github.com/claudioed/network-fulfillment/internal/domain/networkorder/network_order.go:216.2,216.27 1 0
github.com/claudioed/network-fulfillment/internal/domain/networkorder/network_order.go:217.3,218.1 1 0
github.com/claudioed/network-fulfillment/internal/domain/networkorder/network_order.go:219.2,220.12 2 0
github.com/claudioed/network-fulfillment/internal/domain/networkorder/network_order.go:226.2,226.34 1 0
github.com/claudioed/network-fulfillment/internal/domain/networkorder/network_order.go:227.3,228.1 1 0
github.com/claudioed/network-fulfillment/internal/domain/networkorder/network_order.go:229.2,230.12 2 0
github.com/claudioed/network-fulfillment/internal/domain/networkorder/network_order.go:237.2,238.1 1 0
github.com/claudioed/network-fulfillment/internal/domain/networkorder/network_order.go:246.2,247.28 2 0
github.com/claudioed/network-fulfillment/internal/domain/networkorder/network_order.go:248.3,249.1 1 0
github.com/claudioed/network-fulfillment/internal/domain/networkorder/network_order.go:250.2,250.12 1 0
github.com/claudioed/network-fulfillment/internal/domain/networkorder/network_order.go:253.57,253.78 1 0
github.com/claudioed/network-fulfillment/internal/domain/networkorder/network_order.go:254.57,254.74 1 0
github.com/claudioed/network-fulfillment/internal/domain/networkorder/network_order.go:255.57,255.82 1 0
github.com/claudioed/network-fulfillment/internal/domain/networkorder/network_order.go:256.57,256.81 1 0
github.com/claudioed/network-fulfillment/internal/domain/networkorder/network_order.go:257.57,257.73 1 0
github.com/claudioed/network-fulfillment/internal/domain/networkorder/network_order.go:258.57,258.78 1 0
github.com/claudioed/network-fulfillment/internal/domain/networkorder/network_order.go:260.2,261.1 1 0
github.com/claudioed/network-fulfillment/internal/domain/networkorder/network_order.go:267.2,270.1 3 0
github.com/claudioed/network-fulfillment/internal/domain/networkorder/network_order.go:283.2,292.1 1 0
